Component: ARM Compiler 5.06 update 7 (build 960) Tool: armlink [4d3601]

==============================================================================

Section Cross References

    startup_stm32f042x6.o(STACK) refers (Special) to heapauxi.o(.text) for __use_two_region_memory
    startup_stm32f042x6.o(HEAP) refers (Special) to heapauxi.o(.text) for __use_two_region_memory
    startup_stm32f042x6.o(RESET) refers (Special) to heapauxi.o(.text) for __use_two_region_memory
    startup_stm32f042x6.o(RESET) refers to startup_stm32f042x6.o(STACK) for __initial_sp
    startup_stm32f042x6.o(RESET) refers to startup_stm32f042x6.o(.text) for Reset_Handler
    startup_stm32f042x6.o(RESET) refers to stm32f0xx_it.o(i.NMI_Handler) for NMI_Handler
    startup_stm32f042x6.o(RESET) refers to stm32f0xx_it.o(i.HardFault_Handler) for HardFault_Handler
    startup_stm32f042x6.o(RESET) refers to stm32f0xx_it.o(i.SVC_Handler) for SVC_Handler
    startup_stm32f042x6.o(RESET) refers to stm32f0xx_it.o(i.PendSV_Handler) for PendSV_Handler
    startup_stm32f042x6.o(RESET) refers to stm32f0xx_it.o(i.SysTick_Handler) for SysTick_Handler
    startup_stm32f042x6.o(RESET) refers to stm32f0xx_it.o(i.TIM14_IRQHandler) for TIM14_IRQHandler
    startup_stm32f042x6.o(RESET) refers to stm32f0xx_it.o(i.CEC_CAN_IRQHandler) for CEC_CAN_IRQHandler
    startup_stm32f042x6.o(.text) refers (Special) to heapauxi.o(.text) for __use_two_region_memory
    startup_stm32f042x6.o(.text) refers to startup_stm32f042x6.o(STACK) for __initial_sp
    startup_stm32f042x6.o(.text) refers to system_stm32f0xx.o(i.SystemInit) for SystemInit
    startup_stm32f042x6.o(.text) refers to __main.o(!!!main) for __main
    startup_stm32f042x6.o(.text) refers to startup_stm32f042x6.o(HEAP) for Heap_Mem
    main.o(i.envia_leds_my) refers to stm32f0xx_hal_gpio.o(i.HAL_GPIO_WritePin) for HAL_GPIO_WritePin
    main.o(i.envia_leds_my) refers to main.o(.data) for led_1
    main.o(i.interpolacao) refers to aeabi_sdiv.o(.text) for __aeabi_idivmod
    main.o(i.le_adc_canal) refers to stm32f0xx_hal_adc.o(i.HAL_ADC_Start) for HAL_ADC_Start
    main.o(i.le_adc_canal) refers to stm32f0xx_hal_adc.o(i.HAL_ADC_PollForConversion) for HAL_ADC_PollForConversion
    main.o(i.le_adc_canal) refers to stm32f0xx_hal_adc.o(i.HAL_ADC_GetValue) for HAL_ADC_GetValue
    main.o(i.le_adc_canal) refers to stm32f0xx_hal_adc.o(i.HAL_ADC_Stop) for HAL_ADC_Stop
    main.o(i.le_adc_canal) refers to perifericos.o(.bss) for hadc
    main.o(i.le_bateria) refers to stm32f0xx_hal_adc.o(i.HAL_ADC_Start) for HAL_ADC_Start
    main.o(i.le_bateria) refers to stm32f0xx_hal_adc.o(i.HAL_ADC_PollForConversion) for HAL_ADC_PollForConversion
    main.o(i.le_bateria) refers to stm32f0xx_hal_adc.o(i.HAL_ADC_GetValue) for HAL_ADC_GetValue
    main.o(i.le_bateria) refers to stm32f0xx_hal_adc.o(i.HAL_ADC_Stop) for HAL_ADC_Stop
    main.o(i.le_bateria) refers to fflti.o(.text) for __aeabi_ui2f
    main.o(i.le_bateria) refers to fmul.o(x$fpl$fmul) for __aeabi_fmul
    main.o(i.le_bateria) refers to fdiv.o(.text) for __aeabi_fdiv
    main.o(i.le_bateria) refers to flef.o(x$fpl$fleqf) for __aeabi_cfcmple
    main.o(i.le_bateria) refers to faddsub.o(x$fpl$fadd) for __aeabi_fadd
    main.o(i.le_bateria) refers to faddsub.o(x$fpl$fsub) for __aeabi_fsub
    main.o(i.le_bateria) refers to frlef.o(x$fpl$frleqf) for __aeabi_cfrcmple
    main.o(i.le_bateria) refers to stm32f0xx_hal.o(.data) for uwTick
    main.o(i.le_bateria) refers to main.o(.data) for val_milis
    main.o(i.le_bateria) refers to perifericos.o(.bss) for hadc
    main.o(i.le_entradas) refers to stm32f0xx_hal_gpio.o(i.HAL_GPIO_ReadPin) for HAL_GPIO_ReadPin
    main.o(i.le_entradas) refers to main.o(.data) for union_bits
    main.o(i.le_is_profets) refers to main.o(i.le_adc_canal) for le_adc_canal
    main.o(i.le_is_profets) refers to stm32f0xx_hal_gpio.o(i.HAL_GPIO_ReadPin) for HAL_GPIO_ReadPin
    main.o(i.le_is_profets) refers to main.o(.data) for is_val_prof_1
    main.o(i.main) refers to stm32f0xx_hal.o(i.HAL_Init) for HAL_Init
    main.o(i.main) refers to perifericos.o(i.SystemClock_Config) for SystemClock_Config
    main.o(i.main) refers to perifericos.o(i.MX_GPIO_Init) for MX_GPIO_Init
    main.o(i.main) refers to stm32f0xx_hal_gpio.o(i.HAL_GPIO_WritePin) for HAL_GPIO_WritePin
    main.o(i.main) refers to perifericos.o(i.MX_ADC_Init) for MX_ADC_Init
    main.o(i.main) refers to perifericos.o(i.MX_CAN_Init) for MX_CAN_Init
    main.o(i.main) refers to perifericos.o(i.MX_TIM1_Init) for MX_TIM1_Init
    main.o(i.main) refers to perifericos.o(i.MX_I2C1_Init) for MX_I2C1_Init
    main.o(i.main) refers to stm32f0xx_hal.o(i.HAL_Delay) for HAL_Delay
    main.o(i.main) refers to mpu_6050.o(i.mpu_inicializa) for mpu_inicializa
    main.o(i.main) refers to flash.o(i.valores_iniciais_flash) for valores_iniciais_flash
    main.o(i.main) refers to calibracao.o(i.calibracao) for calibracao
    main.o(i.main) refers to pid.o(i.PID_Init) for PID_Init
[...]
    I2C_WaitOnFlagUntilTimeout               0x08003b71   Thumb Code   126  stm32f0xx_hal_i2c.o(i.I2C_WaitOnFlagUntilTimeout)
    i.I2C_WaitOnSTOPFlagUntilTimeout         0x08003bee   Section        0  stm32f0xx_hal_i2c.o(i.I2C_WaitOnSTOPFlagUntilTimeout)
    I2C_WaitOnSTOPFlagUntilTimeout           0x08003bef   Thumb Code   102  stm32f0xx_hal_i2c.o(i.I2C_WaitOnSTOPFlagUntilTimeout)
    i.I2C_WaitOnTXISFlagUntilTimeout         0x08003c54   Section        0  stm32f0xx_hal_i2c.o(i.I2C_WaitOnTXISFlagUntilTimeout)
    I2C_WaitOnTXISFlagUntilTimeout           0x08003c55   Thumb Code   110  stm32f0xx_hal_i2c.o(i.I2C_WaitOnTXISFlagUntilTimeout)
    i.MX_ADC_Init                            0x08003cc4   Section        0  perifericos.o(i.MX_ADC_Init)
    i.MX_CAN_Init                            0x08003d38   Section        0  perifericos.o(i.MX_CAN_Init)
    i.MX_GPIO_Init                           0x08003db8   Section        0  perifericos.o(i.MX_GPIO_Init)
    i.MX_I2C1_Init                           0x08003ecc   Section        0  perifericos.o(i.MX_I2C1_Init)
    i.MX_TIM1_Init                           0x08003f40   Section        0  perifericos.o(i.MX_TIM1_Init)
    i.NMI_Handler                            0x08004068   Section        0  stm32f0xx_it.o(i.NMI_Handler)
    i.PID_Init                               0x0800406c   Section        0  pid.o(i.PID_Init)
    i.PID_Update                             0x08004088   Section        0  pid.o(i.PID_Update)
    i.PendSV_Handler                         0x08004150   Section        0  stm32f0xx_it.o(i.PendSV_Handler)
    i.SVC_Handler                            0x08004152   Section        0  stm32f0xx_it.o(i.SVC_Handler)
    i.SysTick_Handler                        0x08004154   Section        0  stm32f0xx_it.o(i.SysTick_Handler)
    i.SystemClock_Config                     0x08004194   Section        0  perifericos.o(i.SystemClock_Config)
    i.SystemInit                             0x0800420a   Section        0  system_stm32f0xx.o(i.SystemInit)
    i.TIM14_IRQHandler                       0x0800420c   Section        0  stm32f0xx_it.o(i.TIM14_IRQHandler)
    i.TIM_Base_SetConfig                     0x0800421c   Section        0  stm32f0xx_hal_tim.o(i.TIM_Base_SetConfig)
    i.TIM_CCxChannelCmd                      0x080042cc   Section        0  stm32f0xx_hal_tim.o(i.TIM_CCxChannelCmd)
    i.TIM_ETR_SetConfig                      0x080042ee   Section        0  stm32f0xx_hal_tim.o(i.TIM_ETR_SetConfig)
    i.TIM_ITRx_SetConfig                     0x0800430a   Section        0  stm32f0xx_hal_tim.o(i.TIM_ITRx_SetConfig)
    TIM_ITRx_SetConfig                       0x0800430b   Thumb Code    24  stm32f0xx_hal_tim.o(i.TIM_ITRx_SetConfig)
    i.TIM_OC1_SetConfig                      0x08004324   Section        0  stm32f0xx_hal_tim.o(i.TIM_OC1_SetConfig)
    TIM_OC1_SetConfig                        0x08004325   Thumb Code   144  stm32f0xx_hal_tim.o(i.TIM_OC1_SetConfig)
    i.TIM_OC2_SetConfig                      0x080043c0   Section        0  stm32f0xx_hal_tim.o(i.TIM_OC2_SetConfig)
    i.TIM_OC3_SetConfig                      0x08004470   Section        0  stm32f0xx_hal_tim.o(i.TIM_OC3_SetConfig)
    TIM_OC3_SetConfig                        0x08004471   Thumb Code   158  stm32f0xx_hal_tim.o(i.TIM_OC3_SetConfig)
    i.TIM_OC4_SetConfig                      0x0800451c   Section        0  stm32f0xx_hal_tim.o(i.TIM_OC4_SetConfig)
    TIM_OC4_SetConfig                        0x0800451d   Thumb Code   106  stm32f0xx_hal_tim.o(i.TIM_OC4_SetConfig)
    i.TIM_TI1_ConfigInputStage               0x08004594   Section        0  stm32f0xx_hal_tim.o(i.TIM_TI1_ConfigInputStage)
    TIM_TI1_ConfigInputStage                 0x08004595   Thumb Code    50  stm32f0xx_hal_tim.o(i.TIM_TI1_ConfigInputStage)
    i.TIM_TI2_ConfigInputStage               0x080045c6   Section        0  stm32f0xx_hal_tim.o(i.TIM_TI2_ConfigInputStage)
    TIM_TI2_ConfigInputStage                 0x080045c7   Thumb Code    50  stm32f0xx_hal_tim.o(i.TIM_TI2_ConfigInputStage)
    i.__ARM_common_ll_muluu                  0x080045f8   Section        0  stm32f0xx_hal_rcc.o(i.__ARM_common_ll_muluu)
    i.__ARM_common_switch8                   0x08004628   Section        0  mpu_6050.o(i.__ARM_common_switch8)
    i.__ARM_fpclassifyf                      0x08004644   Section        0  fpclassifyf.o(i.__ARM_fpclassifyf)
    i.__NVIC_SetPriority                     0x08004668   Section        0  stm32f0xx_hal_cortex.o(i.__NVIC_SetPriority)
    __NVIC_SetPriority                       0x08004669   Thumb Code   110  stm32f0xx_hal_cortex.o(i.__NVIC_SetPriority)
    i.__mathlib_flt_infnan2                  0x080046e0   Section        0  funder.o(i.__mathlib_flt_infnan2)
    i.__mathlib_flt_underflow                0x080046e8   Section        0  funder.o(i.__mathlib_flt_underflow)
    i.atan2f                                 0x080046f8   Section        0  atan2f.o(i.atan2f)
    i.calibracao                             0x08004994   Section        0  calibracao.o(i.calibracao)
    i.calibracao_eixo                        0x08004a9c   Section        0  calibracao.o(i.calibracao_eixo)
    i.envia_leds_my                          0x08004d28   Section        0  main.o(i.envia_leds_my)
    i.envia_pacote_can_carregado             0x08004ea8   Section        0  sae_j1939.o(i.envia_pacote_can_carregado)
    i.fmaxf                                  0x08004f2c   Section        0  fmaxf.o(i.fmaxf)
    i.fminf                                  0x08004f52   Section        0  fminf.o(i.fminf)
    i.gyro_signals                           0x08004f78   Section        0  mpu_6050.o(i.gyro_signals)
    gyro_signals                             0x08004f79   Thumb Code   332  mpu_6050.o(i.gyro_signals)
    i.interpolacao                           0x080050d4   Section        0  main.o(i.interpolacao)
    i.kalman_1d                              0x08005110   Section        0  mpu_6050.o(i.kalman_1d)
    kalman_1d                                0x08005111   Thumb Code   124  mpu_6050.o(i.kalman_1d)
    i.le_adc_canal                           0x08005190   Section        0  main.o(i.le_adc_canal)
    i.le_bateria                             0x080051c4   Section        0  main.o(i.le_bateria)
    i.le_entradas                            0x080053a8   Section        0  main.o(i.le_entradas)
    i.le_is_profets                          0x08005458   Section        0  main.o(i.le_is_profets)
    i.le_mpu                                 0x08005504   Section        0  mpu_6050.o(i.le_mpu)
    i.leds_calibracao                        0x080056a0   Section        0  calibracao.o(i.leds_calibracao)
    i.main                                   0x08005780   Section        0  main.o(i.main)
    i.monta_pgn_envio                        0x0800583c   Section        0  sae_j1939.o(i.monta_pgn_envio)
    i.mpu_detect_type                        0x0800586c   Section        0  mpu_6050.o(i.mpu_detect_type)
    mpu_detect_type                          0x0800586d   Thumb Code    60  mpu_6050.o(i.mpu_detect_type)
    i.mpu_inicializa                         0x080058a8   Section        0  mpu_6050.o(i.mpu_inicializa)
    i.mpu_read_bytes                         0x0800596c   Section        0  mpu_6050.o(i.mpu_read_bytes)
    mpu_read_bytes                           0x0800596d   Thumb Code    40  mpu_6050.o(i.mpu_read_bytes)
    i.mpu_verifica_fixacao                   0x08005998   Section        0  mpu_6050.o(i.mpu_verifica_fixacao)
    i.mpu_write_byte                         0x08005a50   Section        0  mpu_6050.o(i.mpu_write_byte)
    mpu_write_byte                           0x08005a51   Thumb Code    44  mpu_6050.o(i.mpu_write_byte)
    i.pisca_leds                             0x08005a80   Section        0  main.o(i.pisca_leds)
    i.read_flash                             0x08005b8c   Section        0  flash.o(i.read_flash)
    i.sqrtf                                  0x08005bb4   Section        0  sqrtf.o(i.sqrtf)
    i.trata_PID                              0x08005be0   Section        0  main.o(i.trata_PID)
    i.trata_beep                             0x08005c40   Section        0  main.o(i.trata_beep)
    i.trata_leds_carr                        0x08005d78   Section        0  main.o(i.trata_leds_carr)
    i.trata_leds_incl                        0x08005fa8   Section        0  main.o(i.trata_leds_incl)
    i.trata_manual                           0x08006184   Section        0  main.o(i.trata_manual)
    i.trata_saida                            0x080061b4   Section        0  main.o(i.trata_saida)
    i.valores_iniciais_flash                 0x08006578   Section        0  flash.o(i.valores_iniciais_flash)
    i.verifica_alterna_eixo                  0x080065b0   Section        0  main.o(i.verifica_alterna_eixo)
    i.verifica_fim_de_curso                  0x080065e4   Section        0  main.o(i.verifica_fim_de_curso)
    i.verifica_tempo_ativo                   0x08006748   Section        0  main.o(i.verifica_tempo_ativo)
    i.write_flash                            0x080067d8   Section        0  flash.o(i.write_flash)
    i.zera_inclinometro                      0x08006890   Section        0  mpu_6050.o(i.zera_inclinometro)
    x$fpl$fadd                               0x080069b0   Section      140  faddsub.o(x$fpl$fadd)
    _fadd1                                   0x080069bd   Thumb Code     0  faddsub.o(x$fpl$fadd)
    x$fpl$feqf                               0x08006a3c   Section       84  feqf.o(x$fpl$feqf)
    x$fpl$fleqf                              0x08006a90   Section       84  flef.o(x$fpl$fleqf)
    x$fpl$fmul                               0x08006ae4   Section      176  fmul.o(x$fpl$fmul)
    x$fpl$frleqf                             0x08006b94   Section       88  frlef.o(x$fpl$frleqf)
    x$fpl$frsb                               0x08006bec   Section       24  faddsub.o(x$fpl$frsb)
    x$fpl$fsub                               0x08006c04   Section      208  faddsub.o(x$fpl$fsub)
    _fsub1                                   0x08006c11   Thumb Code     0  faddsub.o(x$fpl$fsub)
    .constdata                               0x08006cd4   Section       32  stm32f0xx_hal_rcc.o(.constdata)
    x$fpl$usenofp                            0x08006cd4   Section        0  usenofp.o(x$fpl$usenofp)
    aPLLMULFactorTable                       0x08006cd4   Data          16  stm32f0xx_hal_rcc.o(.constdata)
    aPredivFactorTable                       0x08006ce4   Data          16  stm32f0xx_hal_rcc.o(.constdata)
    .constdata                               0x08006cf4   Section       24  system_stm32f0xx.o(.constdata)
    .constdata                               0x08006d0c   Section       64  fdiv.o(.constdata)
    fdiv_tab                                 0x08006d0c   Data          64  fdiv.o(.constdata)
    .data                                    0x20000000   Section      272  main.o(.data)
    tick_ini                                 0x200000ac   Data           4  main.o(.data)
    angulo_corte                             0x200000b0   Data           4  main.o(.data)
    contador                                 0x200000b4   Data           4  main.o(.data)
    val_milis                                0x200000b8   Data           4  main.o(.data)
    val_milis_prev                           0x200000bc   Data           4  main.o(.data)
    dt                                       0x200000c0   Data           4  main.o(.data)
    saida_rampa                              0x200000c4   Data           4  main.o(.data)
    saida                                    0x200000c8   Data           4  main.o(.data)
    saida_prev                               0x200000cc   Data           4  main.o(.data)
    histerese_pid                            0x200000d0   Data           1  main.o(.data)
    des_modo                                 0x200000d1   Data           1  main.o(.data)
    contador_rele                            0x200000d4   Data           4  main.o(.data)
    habil_rampa                              0x200000d8   Data           1  main.o(.data)
    cont_pisca_led_bateria                   0x200000d9   Data           1  main.o(.data)
    cont_bateria                             0x200000da   Data           1  main.o(.data)
    ultima_ch_manual                         0x200000db   Data           1  main.o(.data)
    media_bateria                            0x200000dc   Data           4  main.o(.data)
    ultima_tensao                            0x200000e0   Data           4  main.o(.data)
    leituras_bateria                         0x200000e4   Data          40  main.o(.data)
    val_milis                                0x2000010c   Data           4  main.o(.data)
    .data                                    0x20000110   Section       12  sae_j1939.o(.data)
    val_milis                                0x20000118   Data           4  sae_j1939.o(.data)
    .data                                    0x2000011c   Section       36  mpu_6050.o(.data)
    mpu_type                                 0x2000011c   Data           1  mpu_6050.o(.data)
    KalmanAngleRoll                          0x20000120   Data           4  mpu_6050.o(.data)
    KalmanAnglePitch                         0x20000124   Data           4  mpu_6050.o(.data)
    KalmanUncertaintyAngleRoll               0x20000128   Data           4  mpu_6050.o(.data)
    KalmanUncertaintyAnglePitch              0x2000012c   Data           4  mpu_6050.o(.data)
    prev_time                                0x20000134   Data           4  mpu_6050.o(.data)
    mpu_roll_ant                             0x20000138   Data           4  mpu_6050.o(.data)
    mpu_pitch_ant                            0x2000013c   Data           4  mpu_6050.o(.data)
    .data                                    0x20000140   Section       12  calibracao.o(.data)
    cont_calibra                             0x20000140   Data           2  calibracao.o(.data)
    contador_leds                            0x20000142   Data           1  calibracao.o(.data)
    acionamento_leds                         0x20000143   Data           1  calibracao.o(.data)
    inverte_acionamento                      0x20000144   Data           1  calibracao.o(.data)
    cont                                     0x20000148   Data           4  calibracao.o(.data)
    .data                                    0x2000014c   Section        9  stm32f0xx_hal.o(.data)
    .data                                    0x20000158   Section        4  system_stm32f0xx.o(.data)
    .bss                                     0x2000015c   Section       56  main.o(.bss)
    .bss                                     0x20000194   Section      372  perifericos.o(.bss)
    .bss                                     0x20000308   Section       12  flash.o(.bss)
    EraseInitStruct                          0x20000308   Data          12  flash.o(.bss)
    .bss                                     0x20000318   Section       32  stm32f0xx_hal_flash.o(.bss)
    .bss                                     0x20000338   Section       96  libspace.o(.bss)
    HEAP                                     0x20000398   Section      512  startup_stm32f042x6.o(HEAP)
    Heap_Mem                                 0x20000398   Data         512  startup_stm32f042x6.o(HEAP)
    STACK                                    0x20000598   Section     1024  startup_stm32f042x6.o(STACK)
    Stack_Mem                                0x20000598   Data        1024  startup_stm32f042x6.o(STACK)
    __initial_sp                             0x20000998   Data           0  startup_stm32f042x6.o(STACK)

    Global Symbols

    Symbol Name                              Value     Ov Type        Size  Object(Section)

    BuildAttributes$$THM_ISAv3M$S$PE$A:L22$X:L11$S22$IEEE1$IW$USESV6$~STKCKD$USESV7$~SHL$OTIME$ROPI$IEEEX$EBA8$UX$STANDARDLIB$REQ8$PRES8$EABIv2 0x00000000   Number         0  anon$$obj.o ABSOLUTE
    __ARM_use_no_argv                        0x00000000   Number         0  main.o ABSOLUTE
    __ARM_exceptions_init                     - Undefined Weak Reference
    __alloca_initialize                       - Undefined Weak Reference
    __arm_fini_                               - Undefined Weak Reference
    __arm_preinit_                            - Undefined Weak Reference
    __cpp_initialize__aeabi_                  - Undefined Weak Reference
    __cxa_finalize                            - Undefined Weak Reference
    __rt_locale                               - Undefined Weak Reference
    __sigvec_lookup                           - Undefined Weak Reference
    _atexit_init                              - Undefined Weak Reference
    _call_atexit_fns                          - Undefined Weak Reference
    _clock_init                               - Undefined Weak Reference
    _fp_trap_init                             - Undefined Weak Reference
    _fp_trap_shutdown                         - Undefined Weak Reference
    _get_lc_collate                           - Undefined Weak Reference
    _get_lc_ctype                             - Undefined Weak Reference
    _get_lc_monetary                          - Undefined Weak Reference
    _get_lc_numeric                           - Undefined Weak Reference
    _get_lc_time                              - Undefined Weak Reference
    _getenv_init                              - Undefined Weak Reference
    _handle_redirection                       - Undefined Weak Reference
    _init_alloc                               - Undefined Weak Reference
    _init_user_alloc                          - Undefined Weak Reference
    _initio                                   - Undefined Weak Reference
    _rand_init                                - Undefined Weak Reference
    _signal_finish                            - Undefined Weak Reference
    _signal_init                              - Undefined Weak Reference
    _terminate_alloc                          - Undefined Weak Reference
    _terminate_user_alloc                     - Undefined Weak Reference
    _terminateio                              - Undefined Weak Reference
    __Vectors_Size                           0x000000c0   Number         0  startup_stm32f042x6.o ABSOLUTE
    __Vectors                                0x08000000   Data           4  startup_stm32f042x6.o(RESET)
    __Vectors_End                            0x080000c0   Data           0  startup_stm32f042x6.o(RESET)
    __main                                   0x080000c1   Thumb Code     8  __main.o(!!!main)
    __scatterload                            0x080000c9   Thumb Code     0  __scatter.o(!!!scatter)
    __scatterload_rt2                        0x080000c9   Thumb Code    52  __scatter.o(!!!scatter)
    __scatterload_rt2_thumb_only             0x080000c9   Thumb Code     0  __scatter.o(!!!scatter)
    __scatterload_null                       0x080000d9   Thumb Code     0  __scatter.o(!!!scatter)
    __scatterload_zeroinit                   0x08000105   Thumb Code    28  __scatter_zi.o(!!handler_zi)
    __rt_lib_init                            0x08000121   Thumb Code     0  libinit.o(.ARM.Collect$$libinit$$00000000)
    __rt_lib_init_alloca_1                   0x08000123   Thumb Code     0  libinit2.o(.ARM.Collect$$libinit$$0000002E)
    __rt_lib_init_argv_1                     0x08000123   Thumb Code     0  libinit2.o(.ARM.Collect$$libinit$$0000002C)
    __rt_lib_init_atexit_1                   0x08000123   Thumb Code     0  libinit2.o(.ARM.Collect$$libinit$$0000001B)
    __rt_lib_init_clock_1                    0x08000123   Thumb Code     0  libinit2.o(.ARM.Collect$$libinit$$00000021)
    __rt_lib_init_cpp_1                      0x08000123   Thumb Code     0  libinit2.o(.ARM.Collect$$libinit$$00000032)
    __rt_lib_init_exceptions_1               0x08000123   Thumb Code     0  libinit2.o(.ARM.Collect$$libinit$$00000030)
    __rt_lib_init_fp_1                       0x08000123   Thumb Code     0  libinit2.o(.ARM.Collect$$libinit$$00000002)
    __rt_lib_init_fp_trap_1                  0x08000123   Thumb Code     0  libinit2.o(.ARM.Collect$$libinit$$0000001F)
    __rt_lib_init_getenv_1                   0x08000123   Thumb Code     0  libinit2.o(.ARM.Collect$$libinit$$00000023)
    __rt_lib_init_heap_1                     0x08000123   Thumb Code     0  libinit2.o(.ARM.Collect$$libinit$$0000000A)
    __rt_lib_init_lc_collate_1               0x08000123   Thumb Code     0  libinit2.o(.ARM.Collect$$libinit$$00000011)
    __rt_lib_init_lc_ctype_1                 0x08000123   Thumb Code     0  libinit2.o(.ARM.Collect$$libinit$$00000013)
    __rt_lib_init_lc_monetary_1              0x08000123   Thumb Code     0  libinit2.o(.ARM.Collect$$libinit$$00000015)
    __rt_lib_init_lc_numeric_1               0x08000123   Thumb Code     0  libinit2.o(.ARM.Collect$$libinit$$00000017)
    __rt_lib_init_lc_time_1                  0x08000123   Thumb Code     0  libinit2.o(.ARM.Collect$$libinit$$00000019)
    __rt_lib_init_preinit_1                  0x08000123   Thumb Code     0  libinit2.o(.ARM.Collect$$libinit$$00000004)
    __rt_lib_init_rand_1                     0x08000123   Thumb Code     0  libinit2.o(.ARM.Collect$$libinit$$0000000E)
    __rt_lib_init_return                     0x08000123   Thumb Code     0  libinit2.o(.ARM.Collect$$libinit$$00000033)
    __rt_lib_init_signal_1                   0x08000123   Thumb Code     0  libinit2.o(.ARM.Collect$$libinit$$0000001D)
    __rt_lib_init_stdio_1                    0x08000123   Thumb Code     0  libinit2.o(.ARM.Collect$$libinit$$00000025)
    __rt_lib_init_user_alloc_1               0x08000123   Thumb Code     0  libinit2.o(.ARM.Collect$$libinit$$0000000C)
    __rt_lib_shutdown                        0x08000125   Thumb Code     0  libshutdown.o(.ARM.Collect$$libshutdown$$00000000)
    __rt_lib_shutdown_cpp_1                  0x08000127   Thumb Code     0  libshutdown2.o(.ARM.Collect$$libshutdown$$00000004)
    __rt_lib_shutdown_fini_1                 0x08000127   Thumb Code     0  libshutdown2.o(.ARM.Collect$$libshutdown$$00000002)
    __rt_lib_shutdown_fp_trap_1              0x08000127   Thumb Code     0  libshutdown2.o(.ARM.Collect$$libshutdown$$00000009)
    __rt_lib_shutdown_heap_1                 0x08000127   Thumb Code     0  libshutdown2.o(.ARM.Collect$$libshutdown$$00000011)
    __rt_lib_shutdown_return                 0x08000127   Thumb Code     0  libshutdown2.o(.ARM.Collect$$libshutdown$$00000012)
    __rt_lib_shutdown_signal_1               0x08000127   Thumb Code     0  libshutdown2.o(.ARM.Collect$$libshutdown$$0000000C)
    __rt_lib_shutdown_stdio_1                0x08000127   Thumb Code     0  libshutdown2.o(.ARM.Collect$$libshutdown$$00000006)
    __rt_lib_shutdown_user_alloc_1           0x08000127   Thumb Code     0  libshutdown2.o(.ARM.Collect$$libshutdown$$0000000E)
    __rt_entry                               0x08000129   Thumb Code     0  __rtentry.o(.ARM.Collect$$rtentry$$00000000)
    __rt_entry_presh_1                       0x08000129   Thumb Code     0  __rtentry2.o(.ARM.Collect$$rtentry$$00000002)
    __rt_entry_sh                            0x08000129   Thumb Code     0  __rtentry4.o(.ARM.Collect$$rtentry$$00000004)
    __rt_entry_li                            0x0800012f   Thumb Code     0  __rtentry2.o(.ARM.Collect$$rtentry$$0000000A)
    __rt_entry_postsh_1                      0x0800012f   Thumb Code     0  __rtentry2.o(.ARM.Collect$$rtentry$$00000009)
    __rt_entry_main                          0x08000133   Thumb Code     0  __rtentry2.o(.ARM.Collect$$rtentry$$0000000D)
    __rt_entry_postli_1                      0x08000133   Thumb Code     0  __rtentry2.o(.ARM.Collect$$rtentry$$0000000C)
    __rt_exit                                0x0800013b   Thumb Code     0  rtexit.o(.ARM.Collect$$rtexit$$00000000)
    __rt_exit_ls                             0x0800013d   Thumb Code     0  rtexit2.o(.ARM.Collect$$rtexit$$00000003)
    __rt_exit_prels_1                        0x0800013d   Thumb Code     0  rtexit2.o(.ARM.Collect$$rtexit$$00000002)
    __rt_exit_exit                           0x08000141   Thumb Code     0  rtexit2.o(.ARM.Collect$$rtexit$$00000004)
    Reset_Handler                            0x08000149   Thumb Code    38  startup_stm32f042x6.o(.text)
    ADC1_IRQHandler                          0x08000179   Thumb Code     0  startup_stm32f042x6.o(.text)
    DMA1_Channel1_IRQHandler                 0x08000179   Thumb Code     0  startup_stm32f042x6.o(.text)
    DMA1_Channel2_3_IRQHandler               0x08000179   Thumb Code     0  startup_stm32f042x6.o(.text)
    DMA1_Channel4_5_IRQHandler               0x08000179   Thumb Code     0  startup_stm32f042x6.o(.text)
    EXTI0_1_IRQHandler                       0x08000179   Thumb Code     0  startup_stm32f042x6.o(.text)
    EXTI2_3_IRQHandler                       0x08000179   Thumb Code     0  startup_stm32f042x6.o(.text)
    EXTI4_15_IRQHandler                      0x08000179   Thumb Code     0  startup_stm32f042x6.o(.text)
    FLASH_IRQHandler                         0x08000179   Thumb Code     0  startup_stm32f042x6.o(.text)
    I2C1_IRQHandler                          0x08000179   Thumb Code     0  startup_stm32f042x6.o(.text)
    PVD_VDDIO2_IRQHandler                    0x08000179   Thumb Code     0  startup_stm32f042x6.o(.text)
    RCC_CRS_IRQHandler                       0x08000179   Thumb Code     0  startup_stm32f042x6.o(.text)
    RTC_IRQHandler                           0x08000179   Thumb Code     0  startup_stm32f042x6.o(.text)
    SPI1_IRQHandler                          0x08000179   Thumb Code     0  startup_stm32f042x6.o(.text)
    SPI2_IRQHandler                          0x08000179   Thumb Code     0  startup_stm32f042x6.o(.text)
    TIM16_IRQHandler                         0x08000179   Thumb Code     0  startup_stm32f042x6.o(.text)
    TIM17_IRQHandler                         0x08000179   Thumb Code     0  startup_stm32f042x6.o(.text)
    TIM1_BRK_UP_TRG_COM_IRQHandler           0x08000179   Thumb Code     0  startup_stm32f042x6.o(.text)
    TIM1_CC_IRQHandler                       0x08000179   Thumb Code     0  startup_stm32f042x6.o(.text)
    TIM2_IRQHandler                          0x08000179   Thumb Code     0  startup_stm32f042x6.o(.text)
    TIM3_IRQHandler                          0x08000179   Thumb Code     0  startup_stm32f042x6.o(.text)
    TSC_IRQHandler                           0x08000179   Thumb Code     0  startup_stm32f042x6.o(.text)
    USART1_IRQHandler                        0x08000179   Thumb Code     0  startup_stm32f042x6.o(.text)
    USART2_IRQHandler                        0x08000179   Thumb Code     0  startup_stm32f042x6.o(.text)
    USB_IRQHandler                           0x08000179   Thumb Code     0  startup_stm32f042x6.o(.text)
    WWDG_IRQHandler                          0x08000179   Thumb Code     0  startup_stm32f042x6.o(.text)
    __user_initial_stackheap                 0x0800017d   Thumb Code     0  startup_stm32f042x6.o(.text)
    __aeabi_llsr                             0x080001bd   Thumb Code    34  llushr.o(.text)
    _ll_ushift_r                             0x080001bd   Thumb Code     0  llushr.o(.text)
    __aeabi_uldivmod                         0x080001df   Thumb Code   258  lludiv.o(.text)
    _ll_udiv                                 0x080001df   Thumb Code     0  lludiv.o(.text)
    _memset_w                                0x080002e1   Thumb Code    26  rt_memclr.o(.text)
    _memset                                  0x080002fb   Thumb Code    30  rt_memclr.o(.text)
    __aeabi_memclr                           0x08000319   Thumb Code     4  rt_memclr.o(.text)
    __rt_memclr                              0x08000319   Thumb Code     0  rt_memclr.o(.text)
    __aeabi_memclr4                          0x0800031d   Thumb Code     0  rt_memclr.o(.text)
    __aeabi_memclr8                          0x0800031d   Thumb Code     0  rt_memclr.o(.text)
    __rt_memclr_w                            0x0800031d   Thumb Code     4  rt_memclr.o(.text)
    __aeabi_uidiv                            0x08000321   Thumb Code     0  aeabi_sdiv.o(.text)
    __aeabi_uidivmod                         0x08000321   Thumb Code    20  aeabi_sdiv.o(.text)
    __aeabi_idiv                             0x08000335   Thumb Code     0  aeabi_sdiv.o(.text)
    __aeabi_idivmod                          0x08000335   Thumb Code   326  aeabi_sdiv.o(.text)
    __use_two_region_memory                  0x0800047b   Thumb Code     2  heapauxi.o(.text)
    __rt_heap_escrow$2region                 0x0800047d   Thumb Code     2  heapauxi.o(.text)
    __rt_heap_expand$2region                 0x0800047f   Thumb Code     2  heapauxi.o(.text)
    __aeabi_fdiv                             0x08000481   Thumb Code     0  fdiv.o(.text)
    _fdiv                                    0x08000481   Thumb Code   334  fdiv.o(.text)
    _frdiv                                   0x080005cf   Thumb Code     8  fdiv.o(.text)
    __aeabi_f2iz                             0x080005e1   Thumb Code     0  ffixi.o(.text)
    _ffix                                    0x080005e1   Thumb Code    76  ffixi.o(.text)
    __aeabi_f2uiz                            0x0800062d   Thumb Code     0  ffixui.o(.text)
    _ffixu                                   0x0800062d   Thumb Code    48  ffixui.o(.text)
    __aeabi_i2f_normalise                    0x0800065d   Thumb Code    72  fflti.o(.text)
    __aeabi_i2f                              0x080006a5   Thumb Code    16  fflti.o(.text)
    _fflt                                    0x080006a5   Thumb Code     0  fflti.o(.text)
    __aeabi_ui2f                             0x080006b5   Thumb Code     6  fflti.o(.text)
    _ffltu                                   0x080006b5   Thumb Code     0  fflti.o(.text)
    __read_errno                             0x080006bb   Thumb Code    10  _rserrno.o(.text)
    __set_errno                              0x080006c5   Thumb Code    12  _rserrno.o(.text)
    __ARM_fcmp4                              0x080006d1   Thumb Code     0  fcmp4.o(.text)
    _fcmp4                                   0x080006d1   Thumb Code   170  fcmp4.o(.text)
    __fpl_fcmp_InfNaN                        0x08000781   Thumb Code    96  fcmpin.o(.text)
    _fsqrt                                   0x080007e5   Thumb Code   140  fsqrt.o(.text)
    __aeabi_errno_addr                       0x08000875   Thumb Code     8  rt_errno_addr_intlibspace.o(.text)
    __errno$intlibspace                      0x08000875   Thumb Code     0  rt_errno_addr_intlibspace.o(.text)
    __rt_errno_addr$intlibspace              0x08000875   Thumb Code     0  rt_errno_addr_intlibspace.o(.text)
    __fpl_cmpreturn                          0x0800087d   Thumb Code    46  cmpret.o(.text)
    __fpl_fcheck_NaN2                        0x080008ad   Thumb Code    10  fnan2.o(.text)
    __ARM_scalbnf                            0x080008bd   Thumb Code    64  fscalbn.o(.text)
    __user_libspace                          0x08000901   Thumb Code     8  libspace.o(.text)
    __user_perproc_libspace                  0x08000901   Thumb Code     0  libspace.o(.text)
    __user_perthread_libspace                0x08000901   Thumb Code     0  libspace.o(.text)
    __user_setup_stackheap                   0x08000909   Thumb Code    62  sys_stackheap_outer.o(.text)
    exit                                     0x08000947   Thumb Code    16  exit.o(.text)
    __fpl_return_NaN                         0x08000957   Thumb Code    94  retnan.o(.text)
    _sys_exit                                0x080009b5   Thumb Code     8  sys_exit.o(.text)
    __I$use$semihosting                      0x080009c1   Thumb Code     0  use_no_semi.o(.text)
    __use_no_semihosting_swi                 0x080009c1   Thumb Code     2  use_no_semi.o(.text)
    __decompress                             0x080009c3   Thumb Code     0  __dczerorl2.o(.text)
    __decompress1                            0x080009c3   Thumb Code    86  __dczerorl2.o(.text)
    __semihosting_library_function           0x080009c3   Thumb Code     0  indicate_semi.o(.text)
    CEC_CAN_IRQHandler                       0x08000c2d   Thumb Code    10  stm32f0xx_it.o(i.CEC_CAN_IRQHandler)
    Error_Handler                            0x08000c3d   Thumb Code     6  main.o(i.Error_Handler)
    FLASH_PageErase                          0x08000c6d   Thumb Code    34  stm32f0xx_hal_flash_ex.o(i.FLASH_PageErase)
    FLASH_WaitForLastOperation               0x08000d01   Thumb Code   100  stm32f0xx_hal_flash.o(i.FLASH_WaitForLastOperation)
    HAL_ADC_ConfigChannel                    0x08000d69   Thumb Code   412  stm32f0xx_hal_adc.o(i.HAL_ADC_ConfigChannel)
    HAL_ADC_GetValue                         0x08000f15   Thumb Code     8  stm32f0xx_hal_adc.o(i.HAL_ADC_GetValue)
    HAL_ADC_Init                             0x08000f1d   Thumb Code   442  stm32f0xx_hal_adc.o(i.HAL_ADC_Init)
    HAL_ADC_MspInit                          0x080010e1   Thumb Code   106  stm32f0xx_hal_msp.o(i.HAL_ADC_MspInit)
    HAL_ADC_PollForConversion                0x08001155   Thumb Code   238  stm32f0xx_hal_adc.o(i.HAL_ADC_PollForConversion)
    HAL_ADC_Start                            0x08001245   Thumb Code   114  stm32f0xx_hal_adc.o(i.HAL_ADC_Start)
    HAL_ADC_Stop                             0x080012bd   Thumb Code    80  stm32f0xx_hal_adc.o(i.HAL_ADC_Stop)
    HAL_CAN_AddTxMessage                     0x0800130d   Thumb Code   310  stm32f0xx_hal_can.o(i.HAL_CAN_AddTxMessage)
    HAL_CAN_ConfigFilter                     0x08001443   Thumb Code   318  stm32f0xx_hal_can.o(i.HAL_CAN_ConfigFilter)
    HAL_CAN_ErrorCallback                    0x08001581   Thumb Code     2  stm32f0xx_hal_can.o(i.HAL_CAN_ErrorCallback)
    HAL_CAN_GetRxMessage                     0x08001583   Thumb Code   422  stm32f0xx_hal_can.o(i.HAL_CAN_GetRxMessage)
    HAL_CAN_IRQHandler                       0x08001729   Thumb Code   724  stm32f0xx_hal_can.o(i.HAL_CAN_IRQHandler)
    HAL_CAN_Init                             0x080019fd   Thumb Code   380  stm32f0xx_hal_can.o(i.HAL_CAN_Init)
    HAL_CAN_MspInit                          0x08001b79   Thumb Code   120  stm32f0xx_hal_msp.o(i.HAL_CAN_MspInit)
    HAL_CAN_RxFifo0FullCallback              0x08001bf9   Thumb Code     2  stm32f0xx_hal_can.o(i.HAL_CAN_RxFifo0FullCallback)
    HAL_CAN_RxFifo0MsgPendingCallback        0x08001bfd   Thumb Code    42  stm32f0xx_it.o(i.HAL_CAN_RxFifo0MsgPendingCallback)
    HAL_CAN_RxFifo1FullCallback              0x08001c2d   Thumb Code     2  stm32f0xx_hal_can.o(i.HAL_CAN_RxFifo1FullCallback)
    HAL_CAN_RxFifo1MsgPendingCallback        0x08001c2f   Thumb Code     2  stm32f0xx_hal_can.o(i.HAL_CAN_RxFifo1MsgPendingCallback)
    HAL_CAN_SleepCallback                    0x08001c31   Thumb Code     2  stm32f0xx_hal_can.o(i.HAL_CAN_SleepCallback)
    HAL_CAN_Start                            0x08001c33   Thumb Code    98  stm32f0xx_hal_can.o(i.HAL_CAN_Start)
    HAL_CAN_TxMailbox0AbortCallback          0x08001c95   Thumb Code     2  stm32f0xx_hal_can.o(i.HAL_CAN_TxMailbox0AbortCallback)
    HAL_CAN_TxMailbox0CompleteCallback       0x08001c97   Thumb Code     2  stm32f0xx_hal_can.o(i.HAL_CAN_TxMailbox0CompleteCallback)
    HAL_CAN_TxMailbox1AbortCallback          0x08001c99   Thumb Code     2  stm32f0xx_hal_can.o(i.HAL_CAN_TxMailbox1AbortCallback)
    HAL_CAN_TxMailbox1CompleteCallback       0x08001c9b   Thumb Code     2  stm32f0xx_hal_can.o(i.HAL_CAN_TxMailbox1CompleteCallback)
    HAL_CAN_TxMailbox2AbortCallback          0x08001c9d   Thumb Code     2  stm32f0xx_hal_can.o(i.HAL_CAN_TxMailbox2AbortCallback)
    HAL_CAN_TxMailbox2CompleteCallback       0x08001c9f   Thumb Code     2  stm32f0xx_hal_can.o(i.HAL_CAN_TxMailbox2CompleteCallback)
    HAL_CAN_WakeUpFromRxMsgCallback          0x08001ca1   Thumb Code     2  stm32f0xx_hal_can.o(i.HAL_CAN_WakeUpFromRxMsgCallback)
    HAL_Delay                                0x08001ca5   Thumb Code    38  stm32f0xx_hal.o(i.HAL_Delay)
    HAL_FLASHEx_Erase                        0x08001cd1   Thumb Code   160  stm32f0xx_hal_flash_ex.o(i.HAL_FLASHEx_Erase)
    HAL_FLASH_GetError                       0x08001d7d   Thumb Code     6  stm32f0xx_hal_flash.o(i.HAL_FLASH_GetError)
    HAL_FLASH_Lock                           0x08001d89   Thumb Code    16  stm32f0xx_hal_flash.o(i.HAL_FLASH_Lock)
    HAL_FLASH_Program                        0x08001d9d   Thumb Code   174  stm32f0xx_hal_flash.o(i.HAL_FLASH_Program)
    HAL_FLASH_Unlock                         0x08001e59   Thumb Code    40  stm32f0xx_hal_flash.o(i.HAL_FLASH_Unlock)
    HAL_GPIO_Init                            0x08001e8d   Thumb Code   460  stm32f0xx_hal_gpio.o(i.HAL_GPIO_Init)
    HAL_GPIO_ReadPin                         0x0800206d   Thumb Code    18  stm32f0xx_hal_gpio.o(i.HAL_GPIO_ReadPin)
    HAL_GPIO_WritePin                        0x0800207f   Thumb Code    12  stm32f0xx_hal_gpio.o(i.HAL_GPIO_WritePin)
    HAL_GetTick                              0x0800208d   Thumb Code     6  stm32f0xx_hal.o(i.HAL_GetTick)
    HAL_I2CEx_ConfigAnalogFilter             0x08002099   Thumb Code   110  stm32f0xx_hal_i2c_ex.o(i.HAL_I2CEx_ConfigAnalogFilter)
    HAL_I2CEx_ConfigDigitalFilter            0x08002107   Thumb Code   112  stm32f0xx_hal_i2c_ex.o(i.HAL_I2CEx_ConfigDigitalFilter)
    HAL_I2C_Init                             0x08002179   Thumb Code   232  stm32f0xx_hal_i2c.o(i.HAL_I2C_Init)
    HAL_I2C_Mem_Read                         0x08002265   Thumb Code   418  stm32f0xx_hal_i2c.o(i.HAL_I2C_Mem_Read)
    HAL_I2C_Mem_Write                        0x08002411   Thumb Code   414  stm32f0xx_hal_i2c.o(i.HAL_I2C_Mem_Write)
    HAL_I2C_MspInit                          0x080025b5   Thumb Code   118  stm32f0xx_hal_msp.o(i.HAL_I2C_MspInit)
    HAL_IncTick                              0x08002639   Thumb Code    16  stm32f0xx_hal.o(i.HAL_IncTick)
    HAL_Init                                 0x08002651   Thumb Code    28  stm32f0xx_hal.o(i.HAL_Init)
    HAL_InitTick                             0x08002671   Thumb Code    70  stm32f0xx_hal.o(i.HAL_InitTick)
    HAL_MspInit                              0x080026c5   Thumb Code    60  stm32f0xx_hal_msp.o(i.HAL_MspInit)
    HAL_NVIC_EnableIRQ                       0x08002705   Thumb Code    22  stm32f0xx_hal_cortex.o(i.HAL_NVIC_EnableIRQ)
    HAL_NVIC_SetPriority                     0x08002721   Thumb Code    18  stm32f0xx_hal_cortex.o(i.HAL_NVIC_SetPriority)
    HAL_RCCEx_PeriphCLKConfig                0x08002735   Thumb Code   378  stm32f0xx_hal_rcc_ex.o(i.HAL_RCCEx_PeriphCLKConfig)
    HAL_RCC_ClockConfig                      0x080028bd   Thumb Code   366  stm32f0xx_hal_rcc.o(i.HAL_RCC_ClockConfig)
    HAL_RCC_GetSysClockFreq                  0x08002a41   Thumb Code   186  stm32f0xx_hal_rcc.o(i.HAL_RCC_GetSysClockFreq)
    HAL_RCC_OscConfig                        0x08002b15   Thumb Code  1592  stm32f0xx_hal_rcc.o(i.HAL_RCC_OscConfig)
    HAL_SYSTICK_Config                       0x08003151   Thumb Code    46  stm32f0xx_hal_cortex.o(i.HAL_SYSTICK_Config)
    HAL_TIMEx_BreakCallback                  0x08003189   Thumb Code     2  stm32f0xx_hal_tim_ex.o(i.HAL_TIMEx_BreakCallback)
    HAL_TIMEx_CommutCallback                 0x0800318b   Thumb Code     2  stm32f0xx_hal_tim_ex.o(i.HAL_TIMEx_CommutCallback)
    HAL_TIMEx_ConfigBreakDeadTime            0x0800318d   Thumb Code   140  stm32f0xx_hal_tim_ex.o(i.HAL_TIMEx_ConfigBreakDeadTime)
    HAL_TIMEx_MasterConfigSynchronization    0x08003219   Thumb Code   120  stm32f0xx_hal_tim_ex.o(i.HAL_TIMEx_MasterConfigSynchronization)
    HAL_TIM_Base_Init                        0x08003299   Thumb Code   100  stm32f0xx_hal_tim.o(i.HAL_TIM_Base_Init)
    HAL_TIM_Base_MspInit                     0x080032fd   Thumb Code     2  stm32f0xx_hal_tim.o(i.HAL_TIM_Base_MspInit)
    HAL_TIM_ConfigClockSource                0x080032ff   Thumb Code   280  stm32f0xx_hal_tim.o(i.HAL_TIM_ConfigClockSource)
    HAL_TIM_IC_CaptureCallback               0x08003417   Thumb Code     2  stm32f0xx_hal_tim.o(i.HAL_TIM_IC_CaptureCallback)
    HAL_TIM_IRQHandler                       0x08003419   Thumb Code   366  stm32f0xx_hal_tim.o(i.HAL_TIM_IRQHandler)
    HAL_TIM_MspPostInit                      0x08003589   Thumb Code    88  stm32f0xx_hal_msp.o(i.HAL_TIM_MspPostInit)
    HAL_TIM_OC_DelayElapsedCallback          0x080035e9   Thumb Code     2  stm32f0xx_hal_tim.o(i.HAL_TIM_OC_DelayElapsedCallback)
    HAL_TIM_PWM_ConfigChannel                0x080035eb   Thumb Code   266  stm32f0xx_hal_tim.o(i.HAL_TIM_PWM_ConfigChannel)
    HAL_TIM_PWM_Init                         0x080036f5   Thumb Code   100  stm32f0xx_hal_tim.o(i.HAL_TIM_PWM_Init)
    HAL_TIM_PWM_MspInit                      0x08003759   Thumb Code    76  stm32f0xx_hal_msp.o(i.HAL_TIM_PWM_MspInit)
    HAL_TIM_PWM_PulseFinishedCallback        0x080037b1   Thumb Code     2  stm32f0xx_hal_tim.o(i.HAL_TIM_PWM_PulseFinishedCallback)
    HAL_TIM_PWM_Start                        0x080037b5   Thumb Code   216  stm32f0xx_hal_tim.o(i.HAL_TIM_PWM_Start)
    HAL_TIM_PeriodElapsedCallback            0x0800389d   Thumb Code     2  stm32f0xx_hal_tim.o(i.HAL_TIM_PeriodElapsedCallback)
    HAL_TIM_TriggerCallback                  0x0800389f   Thumb Code     2  stm32f0xx_hal_tim.o(i.HAL_TIM_TriggerCallback)
    HardFault_Handler                        0x080038a1   Thumb Code     4  stm32f0xx_it.o(i.HardFault_Handler)
    MX_ADC_Init                              0x08003cc5   Thumb Code   108  perifericos.o(i.MX_ADC_Init)
    MX_CAN_Init                              0x08003d39   Thumb Code   116  perifericos.o(i.MX_CAN_Init)
    MX_GPIO_Init                             0x08003db9   Thumb Code   264  perifericos.o(i.MX_GPIO_Init)
    MX_I2C1_Init                             0x08003ecd   Thumb Code    98  perifericos.o(i.MX_I2C1_Init)
    MX_TIM1_Init                             0x08003f41   Thumb Code   280  perifericos.o(i.MX_TIM1_Init)
    NMI_Handler                              0x08004069   Thumb Code     4  stm32f0xx_it.o(i.NMI_Handler)
    PID_Init                                 0x0800406d   Thumb Code    28  pid.o(i.PID_Init)
    PID_Update                               0x08004089   Thumb Code   194  pid.o(i.PID_Update)
    PendSV_Handler                           0x08004151   Thumb Code     2  stm32f0xx_it.o(i.PendSV_Handler)
    SVC_Handler                              0x08004153   Thumb Code     2  stm32f0xx_it.o(i.SVC_Handler)
    SysTick_Handler                          0x08004155   Thumb Code    52  stm32f0xx_it.o(i.SysTick_Handler)
    SystemClock_Config                       0x08004195   Thumb Code   118  perifericos.o(i.SystemClock_Config)
    SystemInit                               0x0800420b   Thumb Code     2  system_stm32f0xx.o(i.SystemInit)
    TIM14_IRQHandler                         0x0800420d   Thumb Code    10  stm32f0xx_it.o(i.TIM14_IRQHandler)
    TIM_Base_SetConfig                       0x0800421d   Thumb Code   156  stm32f0xx_hal_tim.o(i.TIM_Base_SetConfig)
    TIM_CCxChannelCmd                        0x080042cd   Thumb Code    34  stm32f0xx_hal_tim.o(i.TIM_CCxChannelCmd)
    TIM_ETR_SetConfig                        0x080042ef   Thumb Code    28  stm32f0xx_hal_tim.o(i.TIM_ETR_SetConfig)
    TIM_OC2_SetConfig                        0x080043c1   Thumb Code   162  stm32f0xx_hal_tim.o(i.TIM_OC2_SetConfig)
    __ARM_common_ll_muluu                    0x080045f9   Thumb Code    48  stm32f0xx_hal_rcc.o(i.__ARM_common_ll_muluu)
    __ARM_common_switch8                     0x08004629   Thumb Code    28  mpu_6050.o(i.__ARM_common_switch8)
    __ARM_fpclassifyf                        0x08004645   Thumb Code    34  fpclassifyf.o(i.__ARM_fpclassifyf)
    __mathlib_flt_infnan2                    0x080046e1   Thumb Code     8  funder.o(i.__mathlib_flt_infnan2)
    __mathlib_flt_underflow                  0x080046e9   Thumb Code    14  funder.o(i.__mathlib_flt_underflow)
    atan2f                                   0x080046f9   Thumb Code   592  atan2f.o(i.atan2f)
    calibracao                               0x08004995   Thumb Code   250  calibracao.o(i.calibracao)
    calibracao_eixo                          0x08004a9d   Thumb Code   616  calibracao.o(i.calibracao_eixo)
    envia_leds_my                            0x08004d29   Thumb Code   312  main.o(i.envia_leds_my)
    envia_pacote_can_carregado               0x08004ea9   Thumb Code   110  sae_j1939.o(i.envia_pacote_can_carregado)
    fmaxf                                    0x08004f2d   Thumb Code    38  fmaxf.o(i.fmaxf)
    fminf                                    0x08004f53   Thumb Code    38  fminf.o(i.fminf)
    interpolacao                             0x080050d5   Thumb Code    60  main.o(i.interpolacao)
    le_adc_canal                             0x08005191   Thumb Code    44  main.o(i.le_adc_canal)
    le_bateria                               0x080051c5   Thumb Code   404  main.o(i.le_bateria)
    le_entradas                              0x080053a9   Thumb Code   172  main.o(i.le_entradas)
    le_is_profets                            0x08005459   Thumb Code   144  main.o(i.le_is_profets)
    le_mpu                                   0x08005505   Thumb Code   334  mpu_6050.o(i.le_mpu)
    leds_calibracao                          0x080056a1   Thumb Code   192  calibracao.o(i.leds_calibracao)
    main                                     0x08005781   Thumb Code   168  main.o(i.main)
    monta_pgn_envio                          0x0800583d   Thumb Code    42  sae_j1939.o(i.monta_pgn_envio)
    mpu_inicializa                           0x080058a9   Thumb Code   182  mpu_6050.o(i.mpu_inicializa)
    mpu_verifica_fixacao                     0x08005999   Thumb Code   166  mpu_6050.o(i.mpu_verifica_fixacao)
    pisca_leds                               0x08005a81   Thumb Code   224  main.o(i.pisca_leds)
    read_flash                               0x08005b8d   Thumb Code    32  flash.o(i.read_flash)
    sqrtf                                    0x08005bb5   Thumb Code    44  sqrtf.o(i.sqrtf)
    trata_PID                                0x08005be1   Thumb Code    68  main.o(i.trata_PID)
    trata_beep                               0x08005c41   Thumb Code   304  main.o(i.trata_beep)
    trata_leds_carr                          0x08005d79   Thumb Code   504  main.o(i.trata_leds_carr)
    trata_leds_incl                          0x08005fa9   Thumb Code   444  main.o(i.trata_leds_incl)
    trata_manual                             0x08006185   Thumb Code    38  main.o(i.trata_manual)
    trata_saida                              0x080061b5   Thumb Code   896  main.o(i.trata_saida)
    valores_iniciais_flash                   0x08006579   Thumb Code    48  flash.o(i.valores_iniciais_flash)
    verifica_alterna_eixo                    0x080065b1   Thumb Code    34  main.o(i.verifica_alterna_eixo)
    verifica_fim_de_curso                    0x080065e5   Thumb Code   306  main.o(i.verifica_fim_de_curso)
    verifica_tempo_ativo                     0x08006749   Thumb Code   118  main.o(i.verifica_tempo_ativo)
    write_flash                              0x080067d9   Thumb Code   164  flash.o(i.write_flash)
    zera_inclinometro                        0x08006891   Thumb Code   256  mpu_6050.o(i.zera_inclinometro)
    __aeabi_fadd                             0x080069b1   Thumb Code     0  faddsub.o(x$fpl$fadd)
    _fadd                                    0x080069b1   Thumb Code   134  faddsub.o(x$fpl$fadd)
    __aeabi_cfcmpeq                          0x08006a3d   Thumb Code     0  feqf.o(x$fpl$feqf)
    _fcmpeq                                  0x08006a3d   Thumb Code    78  feqf.o(x$fpl$feqf)
    __aeabi_cfcmple                          0x08006a91   Thumb Code     0  flef.o(x$fpl$fleqf)
    _fcmple                                  0x08006a91   Thumb Code    78  flef.o(x$fpl$fleqf)
    __aeabi_fmul                             0x08006ae5   Thumb Code     0  fmul.o(x$fpl$fmul)
    _fmul                                    0x08006ae5   Thumb Code   172  fmul.o(x$fpl$fmul)
    __aeabi_cfrcmple                         0x08006b95   Thumb Code     0  frlef.o(x$fpl$frleqf)
    _frcmple                                 0x08006b95   Thumb Code    84  frlef.o(x$fpl$frleqf)
    __aeabi_frsub                            0x08006bed   Thumb Code     0  faddsub.o(x$fpl$frsb)
    _frsb                                    0x08006bed   Thumb Code    24  faddsub.o(x$fpl$frsb)
    __aeabi_fsub                             0x08006c05   Thumb Code     0  faddsub.o(x$fpl$fsub)
    _fsub                                    0x08006c05   Thumb Code   204  faddsub.o(x$fpl$fsub)
    __I$use$fp                               0x08006cd4   Number         0  usenofp.o(x$fpl$usenofp)
    AHBPrescTable                            0x08006cf4   Data          16  system_stm32f0xx.o(.constdata)
    APBPrescTable                            0x08006d04   Data           8  system_stm32f0xx.o(.constdata)
    Region$$Table$$Base                      0x08006d4c   Number         0  anon$$obj.o(Region$$Table)
    Region$$Table$$Limit                     0x08006d6c   Number         0  anon$$obj.o(Region$$Table)
    val_bat_ad                               0x20000000   Data           4  main.o(.data)
    led_1                                    0x20000004   Data           1  main.o(.data)
    led_2                                    0x20000005   Data           1  main.o(.data)
    led_3                                    0x20000006   Data           1  main.o(.data)
    led_4                                    0x20000007   Data           1  main.o(.data)
    led_5                                    0x20000008   Data           1  main.o(.data)
    led_6                                    0x20000009   Data           1  main.o(.data)
    led_7                                    0x2000000a   Data           1  main.o(.data)
    led_8                                    0x2000000b   Data           1  main.o(.data)
    led_9                                    0x2000000c   Data           1  main.o(.data)
    led_10                                   0x2000000d   Data           1  main.o(.data)
    led_11                                   0x2000000e   Data           1  main.o(.data)
    led_12                                   0x2000000f   Data           1  main.o(.data)
    led_13                                   0x20000010   Data           1  main.o(.data)
    led_14                                   0x20000011   Data           1  main.o(.data)
    led_15                                   0x20000012   Data           1  main.o(.data)
    led_16                                   0x20000013   Data           1  main.o(.data)
    valor_tensao                             0x20000014   Data           4  main.o(.data)
    startAddress                             0x20000018   Data           4  main.o(.data)
    salva_eeprom                             0x2000001c   Data           1  main.o(.data)
    bit_mpu_falsa                            0x2000001d   Data           1  main.o(.data)
    bit_erro_MPU                             0x2000001e   Data           1  main.o(.data)
    cont_pisca_led_ok                        0x2000001f   Data           1  main.o(.data)
    valor_incl_x                             0x20000020   Data           2  main.o(.data)
    valor_incl_y                             0x20000022   Data           2  main.o(.data)
    cont_buzzer                              0x20000024   Data           2  main.o(.data)
    divisor_systick                          0x20000026   Data           1  main.o(.data)
    pwm_value                                0x20000028   Data           2  main.o(.data)
    eixo_final                               0x2000002c   Data           4  main.o(.data)
    busca_eixo_val_1                         0x20000030   Data           4  main.o(.data)
    busca_eixo_val_2                         0x20000034   Data           4  main.o(.data)
    busca_eixo_val_3                         0x20000038   Data           4  main.o(.data)
    valor_anterior_eixo                      0x2000003c   Data           1  main.o(.data)
    RateRoll                                 0x20000040   Data           4  main.o(.data)
    RatePitch                                0x20000044   Data           4  main.o(.data)
    RateYaw                                  0x20000048   Data           4  main.o(.data)
    RateCalibrationNumber                    0x2000004c   Data           4  main.o(.data)
    AccX                                     0x20000050   Data           4  main.o(.data)
    AccY                                     0x20000054   Data           4  main.o(.data)
    AccZ                                     0x20000058   Data           4  main.o(.data)
    AngleRoll                                0x2000005c   Data           4  main.o(.data)
    AnglePitch                               0x20000060   Data           4  main.o(.data)
    LoopTimer                                0x20000064   Data           4  main.o(.data)
    KalmanAngleRoll                          0x20000068   Data           4  main.o(.data)
    KalmanUncertaintyAngleRoll               0x2000006c   Data           4  main.o(.data)
    KalmanAnglePitch                         0x20000070   Data           4  main.o(.data)
    KalmanUncertaintyAnglePitch              0x20000074   Data           4  main.o(.data)
    roll                                     0x20000078   Data           4  main.o(.data)
    pitch                                    0x2000007c   Data           4  main.o(.data)
    valor_eixo_x                             0x20000080   Data           4  main.o(.data)
    valor_eixo_y                             0x20000084   Data           4  main.o(.data)
    Kalman1DOutput                           0x20000088   Data           8  main.o(.data)
    val_filtro_leit                          0x20000090   Data           4  main.o(.data)
    valor                                    0x20000094   Data           4  main.o(.data)
    RollCalibration                          0x20000098   Data           4  main.o(.data)
    PitchCalibration                         0x2000009c   Data           4  main.o(.data)
    union_leds_my                            0x200000a0   Data           2  main.o(.data)
    union_bits                               0x200000a2   Data           1  main.o(.data)
    union_bits_2                             0x200000a3   Data           1  main.o(.data)
    struct_1                                 0x200000a4   Data           1  main.o(.data)
    is_val_prof_1                            0x200000a6   Data           2  main.o(.data)
    cont_falha_prof_1                        0x200000a8   Data           1  main.o(.data)
    cont_falha_prof_2                        0x200000a9   Data           1  main.o(.data)
    J1939_mensagem_tx                        0x20000110   Data           4  sae_j1939.o(.data)
    J1939_mensagem_rx_1                      0x20000114   Data           4  sae_j1939.o(.data)
    X                                        0x20000130   Data           1  mpu_6050.o(.data)
    Y                                        0x20000131   Data           1  mpu_6050.o(.data)
    Z                                        0x20000132   Data           1  mpu_6050.o(.data)
    uwTick                                   0x2000014c   Data           4  stm32f0xx_hal.o(.data)
    uwTickPrio                               0x20000150   Data           4  stm32f0xx_hal.o(.data)
    uwTickFreq                               0x20000154   Data           1  stm32f0xx_hal.o(.data)
    SystemCoreClock                          0x20000158   Data           4  system_stm32f0xx.o(.data)
    struct_zeramento                         0x2000015c   Data          16  main.o(.bss)
    pid                                      0x2000016c   Data          40  main.o(.bss)
    hadc                                     0x20000194   Data          64  perifericos.o(.bss)
    hcan                                     0x200001d4   Data          40  perifericos.o(.bss)
    canFilter                                0x200001fc   Data          40  perifericos.o(.bss)
    hi2c1                                    0x20000224   Data          84  perifericos.o(.bss)
    htim1                                    0x20000278   Data          72  perifericos.o(.bss)
    htim14                                   0x200002c0   Data          72  perifericos.o(.bss)
    pFlash                                   0x20000318   Data          32  stm32f0xx_hal_flash.o(.bss)
    __libspace_start                         0x20000338   Data          96  libspace.o(.bss)
    __temporary_stack_top$libspace           0x20000398   Data           0  libspace.o(.bss)



==============================================================================

Memory Map of the image

  Image Entry point : 0x080000c1

  Load Region LR_IROM1 (Base: 0x08000000, Size: 0x00006ec8, Max: 0x00008000, ABSOLUTE, COMPRESSED[0x00006d8c])

    Execution Region ER_IROM1 (Exec base: 0x08000000, Load base: 0x08000000, Size: 0x00006d6c, Max: 0x00008000, ABSOLUTE)

    Exec Addr    Load Addr    Size         Type   Attr      Idx    E Section Name        Object

    0x08000000   0x08000000   0x000000c0   Data   RO            3    RESET               startup_stm32f042x6.o
    0x080000c0   0x080000c0   0x00000008   Code   RO         3671  * !!!main             c_p.l(__main.o)
    0x080000c8   0x080000c8   0x0000003c   Code   RO         3929    !!!scatter          c_p.l(__scatter.o)
    0x08000104   0x08000104   0x0000001c   Code   RO         3931    !!handler_zi        c_p.l(__scatter_zi.o)
    0x08000120   0x08000120   0x00000002   Code   RO         3795    .ARM.Collect$$libinit$$00000000  c_p.l(libinit.o)
    0x08000122   0x08000122   0x00000000   Code   RO         3808    .ARM.Collect$$libinit$$00000002  c_p.l(libinit2.o)
    0x08000122   0x08000122   0x00000000   Code   RO         3810    .ARM.Collect$$libinit$$00000004  c_p.l(libinit2.o)
    0x08000122   0x08000122   0x00000000   Code   RO         3813    .ARM.Collect$$libinit$$0000000A  c_p.l(libinit2.o)
    0x08000122   0x08000122   0x00000000   Code   RO         3815    .ARM.Collect$$libinit$$0000000C  c_p.l(libinit2.o)
    0x08000122   0x08000122   0x00000000   Code   RO         3817    .ARM.Collect$$libinit$$0000000E  c_p.l(libinit2.o)
    0x08000122   0x08000122   0x00000000   Code   RO         3820    .ARM.Collect$$libinit$$00000011  c_p.l(libinit2.o)
    0x08000122   0x08000122   0x00000000   Code   RO         3822    .ARM.Collect$$libinit$$00000013  c_p.l(libinit2.o)
    0x08000122   0x08000122   0x00000000   Code   RO         3824    .ARM.Collect$$libinit$$00000015  c_p.l(libinit2.o)
    0x08000122   0x08000122   0x00000000   Code   RO         3826    .ARM.Collect$$libinit$$00000017  c_p.l(libinit2.o)
    0x08000122   0x08000122   0x00000000   Code   RO         3828    .ARM.Collect$$libinit$$00000019  c_p.l(libinit2.o)
    0x08000122   0x08000122   0x00000000   Code   RO         3830    .ARM.Collect$$libinit$$0000001B  c_p.l(libinit2.o)
    0x08000122   0x08000122   0x00000000   Code   RO         3832    .ARM.Collect$$libinit$$0000001D  c_p.l(libinit2.o)
    0x08000122   0x08000122   0x00000000   Code   RO         3834    .ARM.Collect$$libinit$$0000001F  c_p.l(libinit2.o)
    0x08000122   0x08000122   0x00000000   Code   RO         3836    .ARM.Collect$$libinit$$00000021  c_p.l(libinit2.o)
    0x08000122   0x08000122   0x00000000   Code   RO         3838    .ARM.Collect$$libinit$$00000023  c_p.l(libinit2.o)
    0x08000122   0x08000122   0x00000000   Code   RO         3840    .ARM.Collect$$libinit$$00000025  c_p.l(libinit2.o)
    0x08000122   0x08000122   0x00000000   Code   RO         3844    .ARM.Collect$$libinit$$0000002C  c_p.l(libinit2.o)
    0x08000122   0x08000122   0x00000000   Code   RO         3846    .ARM.Collect$$libinit$$0000002E  c_p.l(libinit2.o)
    0x08000122   0x08000122   0x00000000   Code   RO         3848    .ARM.Collect$$libinit$$00000030  c_p.l(libinit2.o)
    0x08000122   0x08000122   0x00000000   Code   RO         3850    .ARM.Collect$$libinit$$00000032  c_p.l(libinit2.o)
    0x08000122   0x08000122   0x00000002   Code   RO         3851    .ARM.Collect$$libinit$$00000033  c_p.l(libinit2.o)
    0x08000124   0x08000124   0x00000002   Code   RO         3882    .ARM.Collect$$libshutdown$$00000000  c_p.l(libshutdown.o)
    0x08000126   0x08000126   0x00000000   Code   RO         3908    .ARM.Collect$$libshutdown$$00000002  c_p.l(libshutdown2.o)
    0x08000126   0x08000126   0x00000000   Code   RO         3910    .ARM.Collect$$libshutdown$$00000004  c_p.l(libshutdown2.o)
    0x08000126   0x08000126   0x00000000   Code   RO         3912    .ARM.Collect$$libshutdown$$00000006  c_p.l(libshutdown2.o)
    0x08000126   0x08000126   0x00000000   Code   RO         3915    .ARM.Collect$$libshutdown$$00000009  c_p.l(libshutdown2.o)
    0x08000126   0x08000126   0x00000000   Code   RO         3918    .ARM.Collect$$libshutdown$$0000000C  c_p.l(libshutdown2.o)
    0x08000126   0x08000126   0x00000000   Code   RO         3920    .ARM.Collect$$libshutdown$$0000000E  c_p.l(libshutdown2.o)
    0x08000126   0x08000126   0x00000000   Code   RO         3923    .ARM.Collect$$libshutdown$$00000011  c_p.l(libshutdown2.o)
    0x08000126   0x08000126   0x00000002   Code   RO         3924    .ARM.Collect$$libshutdown$$00000012  c_p.l(libshutdown2.o)
    0x08000128   0x08000128   0x00000000   Code   RO         3716    .ARM.Collect$$rtentry$$00000000  c_p.l(__rtentry.o)
    0x08000128   0x08000128   0x00000000   Code   RO         3751    .ARM.Collect$$rtentry$$00000002  c_p.l(__rtentry2.o)
    0x08000128   0x08000128   0x00000006   Code   RO         3763    .ARM.Collect$$rtentry$$00000004  c_p.l(__rtentry4.o)
    0x0800012e   0x0800012e   0x00000000   Code   RO         3753    .ARM.Collect$$rtentry$$00000009  c_p.l(__rtentry2.o)
    0x0800012e   0x0800012e   0x00000004   Code   RO         3754    .ARM.Collect$$rtentry$$0000000A  c_p.l(__rtentry2.o)
    0x08000132   0x08000132   0x00000000   Code   RO         3756    .ARM.Collect$$rtentry$$0000000C  c_p.l(__rtentry2.o)
    0x08000132   0x08000132   0x00000008   Code   RO         3757    .ARM.Collect$$rtentry$$0000000D  c_p.l(__rtentry2.o)
    0x0800013a   0x0800013a   0x00000002   Code   RO         3799    .ARM.Collect$$rtexit$$00000000  c_p.l(rtexit.o)
    0x0800013c   0x0800013c   0x00000000   Code   RO         3855    .ARM.Collect$$rtexit$$00000002  c_p.l(rtexit2.o)
    0x0800013c   0x0800013c   0x00000004   Code   RO         3856    .ARM.Collect$$rtexit$$00000003  c_p.l(rtexit2.o)
    0x08000140   0x08000140   0x00000006   Code   RO         3857    .ARM.Collect$$rtexit$$00000004  c_p.l(rtexit2.o)
    0x08000146   0x08000146   0x00000002   PAD
    0x08000148   0x08000148   0x00000074   Code   RO            4    .text               startup_stm32f042x6.o
    0x080001bc   0x080001bc   0x00000022   Code   RO         3659    .text               c_p.l(llushr.o)
    0x080001de   0x080001de   0x00000102   Code   RO         3661    .text               c_p.l(lludiv.o)
    0x080002e0   0x080002e0   0x00000040   Code   RO         3663    .text               c_p.l(rt_memclr.o)
    0x08000320   0x08000320   0x0000015a   Code   RO         3665    .text               c_p.l(aeabi_sdiv.o)
    0x0800047a   0x0800047a   0x00000006   Code   RO         3669    .text               c_p.l(heapauxi.o)
    0x08000480   0x08000480   0x00000160   Code   RO         3679    .text               fz_ps.l(fdiv.o)
    0x080005e0   0x080005e0   0x0000004c   Code   RO         3684    .text               fz_ps.l(ffixi.o)
    0x0800062c   0x0800062c   0x00000030   Code   RO         3686    .text               fz_ps.l(ffixui.o)
    0x0800065c   0x0800065c   0x0000005e   Code   RO         3688    .text               fz_ps.l(fflti.o)
    0x080006ba   0x080006ba   0x00000016   Code   RO         3725    .text               c_p.l(_rserrno.o)
    0x080006d0   0x080006d0   0x000000b0   Code   RO         3727    .text               fz_ps.l(fcmp4.o)
    0x08000780   0x08000780   0x00000064   Code   RO         3729    .text               fz_ps.l(fcmpin.o)
    0x080007e4   0x080007e4   0x00000090   Code   RO         3731    .text               fz_ps.l(fsqrt.o)
    0x08000874   0x08000874   0x00000008   Code   RO         3770    .text               c_p.l(rt_errno_addr_intlibspace.o)
    0x0800087c   0x0800087c   0x0000002e   Code   RO         3772    .text               fz_ps.l(cmpret.o)
    0x080008aa   0x080008aa   0x00000002   PAD
    0x080008ac   0x080008ac   0x00000010   Code   RO         3774    .text               fz_ps.l(fnan2.o)
    0x080008bc   0x080008bc   0x00000044   Code   RO         3776    .text               fz_ps.l(fscalbn.o)
    0x08000900   0x08000900   0x00000008   Code   RO         3778    .text               c_p.l(libspace.o)
    0x08000908   0x08000908   0x0000003e   Code   RO         3781    .text               c_p.l(sys_stackheap_outer.o)
    0x08000946   0x08000946   0x00000010   Code   RO         3784    .text               c_p.l(exit.o)
    0x08000956   0x08000956   0x0000005e   Code   RO         3796    .text               fz_ps.l(retnan.o)
    0x080009b4   0x080009b4   0x0000000c   Code   RO         3852    .text               c_p.l(sys_exit.o)
    0x080009c0   0x080009c0   0x00000002   Code   RO         3871    .text               c_p.l(use_no_semi.o)
    0x080009c2   0x080009c2   0x00000000   Code   RO         3873    .text               c_p.l(indicate_semi.o)
    0x080009c2   0x080009c2   0x00000056   Code   RO         3927    .text               c_p.l(__dczerorl2.o)
    0x08000a18   0x08000a18   0x00000078   Code   RO          692    i.ADC_ConversionStop  stm32f0xx_hal_adc.o
    0x08000a90   0x08000a90   0x000000b6   Code   RO          696    i.ADC_Disable       stm32f0xx_hal_adc.o
    0x08000b46   0x08000b46   0x00000002   PAD
    0x08000b48   0x08000b48   0x000000e4   Code   RO          697    i.ADC_Enable        stm32f0xx_hal_adc.o
    0x08000c2c   0x08000c2c   0x00000010   Code   RO          269    i.CEC_CAN_IRQHandler  stm32f0xx_it.o
    0x08000c3c   0x08000c3c   0x00000006   Code   RO           12    i.Error_Handler     main.o
    0x08000c42   0x08000c42   0x00000002   PAD
    0x08000c44   0x08000c44   0x00000028   Code   RO         2250    i.FLASH_MassErase   stm32f0xx_hal_flash_ex.o
    0x08000c6c   0x08000c6c   0x0000002c   Code   RO         2259    i.FLASH_PageErase   stm32f0xx_hal_flash_ex.o
    0x08000c98   0x08000c98   0x00000020   Code   RO         2151    i.FLASH_Program_HalfWord  stm32f0xx_hal_flash.o
    0x08000cb8   0x08000cb8   0x00000048   Code   RO         2152    i.FLASH_SetErrorCode  stm32f0xx_hal_flash.o
    0x08000d00   0x08000d00   0x00000068   Code   RO         2153    i.FLASH_WaitForLastOperation  stm32f0xx_hal_flash.o
    0x08000d68   0x08000d68   0x000001ac   Code   RO          699    i.HAL_ADC_ConfigChannel  stm32f0xx_hal_adc.o
    0x08000f14   0x08000f14   0x00000008   Code   RO          706    i.HAL_ADC_GetValue  stm32f0xx_hal_adc.o
    0x08000f1c   0x08000f1c   0x000001c4   Code   RO          708    i.HAL_ADC_Init      stm32f0xx_hal_adc.o
    0x080010e0   0x080010e0   0x00000074   Code   RO          349    i.HAL_ADC_MspInit   stm32f0xx_hal_msp.o
    0x08001154   0x08001154   0x000000ee   Code   RO          712    i.HAL_ADC_PollForConversion  stm32f0xx_hal_adc.o
    0x08001242   0x08001242   0x00000002   PAD
    0x08001244   0x08001244   0x00000078   Code   RO          714    i.HAL_ADC_Start     stm32f0xx_hal_adc.o
    0x080012bc   0x080012bc   0x00000050   Code   RO          717    i.HAL_ADC_Stop      stm32f0xx_hal_adc.o
    0x0800130c   0x0800130c   0x00000136   Code   RO         2422    i.HAL_CAN_AddTxMessage  stm32f0xx_hal_can.o
    0x08001442   0x08001442   0x0000013e   Code   RO         2423    i.HAL_CAN_ConfigFilter  stm32f0xx_hal_can.o
    0x08001580   0x08001580   0x00000002   Code   RO         2426    i.HAL_CAN_ErrorCallback  stm32f0xx_hal_can.o
    0x08001582   0x08001582   0x000001a6   Code   RO         2429    i.HAL_CAN_GetRxMessage  stm32f0xx_hal_can.o
    0x08001728   0x08001728   0x000002d4   Code   RO         2433    i.HAL_CAN_IRQHandler  stm32f0xx_hal_can.o
    0x080019fc   0x080019fc   0x0000017c   Code   RO         2434    i.HAL_CAN_Init      stm32f0xx_hal_can.o
    0x08001b78   0x08001b78   0x00000080   Code   RO          351    i.HAL_CAN_MspInit   stm32f0xx_hal_msp.o
    0x08001bf8   0x08001bf8   0x00000002   Code   RO         2441    i.HAL_CAN_RxFifo0FullCallback  stm32f0xx_hal_can.o
    0x08001bfa   0x08001bfa   0x00000002   PAD
    0x08001bfc   0x08001bfc   0x00000030   Code   RO          270    i.HAL_CAN_RxFifo0MsgPendingCallback  stm32f0xx_it.o
    0x08001c2c   0x08001c2c   0x00000002   Code   RO         2443    i.HAL_CAN_RxFifo1FullCallback  stm32f0xx_hal_can.o
    0x08001c2e   0x08001c2e   0x00000002   Code   RO         2444    i.HAL_CAN_RxFifo1MsgPendingCallback  stm32f0xx_hal_can.o
    0x08001c30   0x08001c30   0x00000002   Code   RO         2445    i.HAL_CAN_SleepCallback  stm32f0xx_hal_can.o
    0x08001c32   0x08001c32   0x00000062   Code   RO         2446    i.HAL_CAN_Start     stm32f0xx_hal_can.o
    0x08001c94   0x08001c94   0x00000002   Code   RO         2448    i.HAL_CAN_TxMailbox0AbortCallback  stm32f0xx_hal_can.o
    0x08001c96   0x08001c96   0x00000002   Code   RO         2449    i.HAL_CAN_TxMailbox0CompleteCallback  stm32f0xx_hal_can.o
    0x08001c98   0x08001c98   0x00000002   Code   RO         2450    i.HAL_CAN_TxMailbox1AbortCallback  stm32f0xx_hal_can.o
    0x08001c9a   0x08001c9a   0x00000002   Code   RO         2451    i.HAL_CAN_TxMailbox1CompleteCallback  stm32f0xx_hal_can.o
    0x08001c9c   0x08001c9c   0x00000002   Code   RO         2452    i.HAL_CAN_TxMailbox2AbortCallback  stm32f0xx_hal_can.o
    0x08001c9e   0x08001c9e   0x00000002   Code   RO         2453    i.HAL_CAN_TxMailbox2CompleteCallback  stm32f0xx_hal_can.o
    0x08001ca0   0x08001ca0   0x00000002   Code   RO         2455    i.HAL_CAN_WakeUpFromRxMsgCallback  stm32f0xx_hal_can.o
    0x08001ca2   0x08001ca2   0x00000002   PAD
    0x08001ca4   0x08001ca4   0x0000002c   Code   RO         1074    i.HAL_Delay         stm32f0xx_hal.o
    0x08001cd0   0x08001cd0   0x000000ac   Code   RO         2260    i.HAL_FLASHEx_Erase  stm32f0xx_hal_flash_ex.o
    0x08001d7c   0x08001d7c   0x0000000c   Code   RO         2155    i.HAL_FLASH_GetError  stm32f0xx_hal_flash.o
    0x08001d88   0x08001d88   0x00000014   Code   RO         2157    i.HAL_FLASH_Lock    stm32f0xx_hal_flash.o
    0x08001d9c   0x08001d9c   0x000000bc   Code   RO         2162    i.HAL_FLASH_Program  stm32f0xx_hal_flash.o
    0x08001e58   0x08001e58   0x00000034   Code   RO         2164    i.HAL_FLASH_Unlock  stm32f0xx_hal_flash.o
    0x08001e8c   0x08001e8c   0x000001e0   Code   RO         1748    i.HAL_GPIO_Init     stm32f0xx_hal_gpio.o
    0x0800206c   0x0800206c   0x00000012   Code   RO         1750    i.HAL_GPIO_ReadPin  stm32f0xx_hal_gpio.o
    0x0800207e   0x0800207e   0x0000000c   Code   RO         1752    i.HAL_GPIO_WritePin  stm32f0xx_hal_gpio.o
    0x0800208a   0x0800208a   0x00000002   PAD
    0x0800208c   0x0800208c   0x0000000c   Code   RO         1078    i.HAL_GetTick       stm32f0xx_hal.o
    0x08002098   0x08002098   0x0000006e   Code   RO         1695    i.HAL_I2CEx_ConfigAnalogFilter  stm32f0xx_hal_i2c_ex.o
    0x08002106   0x08002106   0x00000070   Code   RO         1696    i.HAL_I2CEx_ConfigDigitalFilter  stm32f0xx_hal_i2c_ex.o
    0x08002176   0x08002176   0x00000002   PAD
    0x08002178   0x08002178   0x000000ec   Code   RO         1238    i.HAL_I2C_Init      stm32f0xx_hal_i2c.o
    0x08002264   0x08002264   0x000001ac   Code   RO         1256    i.HAL_I2C_Mem_Read  stm32f0xx_hal_i2c.o
    0x08002410   0x08002410   0x000001a4   Code   RO         1259    i.HAL_I2C_Mem_Write  stm32f0xx_hal_i2c.o
    0x080025b4   0x080025b4   0x00000084   Code   RO          353    i.HAL_I2C_MspInit   stm32f0xx_hal_msp.o
    0x08002638   0x08002638   0x00000018   Code   RO         1084    i.HAL_IncTick       stm32f0xx_hal.o
    0x08002650   0x08002650   0x00000020   Code   RO         1085    i.HAL_Init          stm32f0xx_hal.o
    0x08002670   0x08002670   0x00000054   Code   RO         1086    i.HAL_InitTick      stm32f0xx_hal.o
    0x080026c4   0x080026c4   0x00000040   Code   RO          354    i.HAL_MspInit       stm32f0xx_hal_msp.o
    0x08002704   0x08002704   0x0000001c   Code   RO         1905    i.HAL_NVIC_EnableIRQ  stm32f0xx_hal_cortex.o
    0x08002720   0x08002720   0x00000012   Code   RO         1909    i.HAL_NVIC_SetPriority  stm32f0xx_hal_cortex.o
    0x08002732   0x08002732   0x00000002   PAD
    0x08002734   0x08002734   0x00000188   Code   RO          994    i.HAL_RCCEx_PeriphCLKConfig  stm32f0xx_hal_rcc_ex.o
    0x080028bc   0x080028bc   0x00000184   Code   RO          889    i.HAL_RCC_ClockConfig  stm32f0xx_hal_rcc.o
    0x08002a40   0x08002a40   0x000000d4   Code   RO          897    i.HAL_RCC_GetSysClockFreq  stm32f0xx_hal_rcc.o
    0x08002b14   0x08002b14   0x0000063c   Code   RO          900    i.HAL_RCC_OscConfig  stm32f0xx_hal_rcc.o
    0x08003150   0x08003150   0x00000038   Code   RO         1913    i.HAL_SYSTICK_Config  stm32f0xx_hal_cortex.o
    0x08003188   0x08003188   0x00000002   Code   RO         3363    i.HAL_TIMEx_BreakCallback  stm32f0xx_hal_tim_ex.o
    0x0800318a   0x0800318a   0x00000002   Code   RO         3364    i.HAL_TIMEx_CommutCallback  stm32f0xx_hal_tim_ex.o
    0x0800318c   0x0800318c   0x0000008c   Code   RO         3366    i.HAL_TIMEx_ConfigBreakDeadTime  stm32f0xx_hal_tim_ex.o
    0x08003218   0x08003218   0x00000080   Code   RO         3382    i.HAL_TIMEx_MasterConfigSynchronization  stm32f0xx_hal_tim_ex.o
    0x08003298   0x08003298   0x00000064   Code   RO         2652    i.HAL_TIM_Base_Init  stm32f0xx_hal_tim.o
    0x080032fc   0x080032fc   0x00000002   Code   RO         2654    i.HAL_TIM_Base_MspInit  stm32f0xx_hal_tim.o
    0x080032fe   0x080032fe   0x00000118   Code   RO         2661    i.HAL_TIM_ConfigClockSource  stm32f0xx_hal_tim.o
    0x08003416   0x08003416   0x00000002   Code   RO         2686    i.HAL_TIM_IC_CaptureCallback  stm32f0xx_hal_tim.o
    0x08003418   0x08003418   0x0000016e   Code   RO         2700    i.HAL_TIM_IRQHandler  stm32f0xx_hal_tim.o
    0x08003586   0x08003586   0x00000002   PAD
    0x08003588   0x08003588   0x00000060   Code   RO          355    i.HAL_TIM_MspPostInit  stm32f0xx_hal_msp.o
    0x080035e8   0x080035e8   0x00000002   Code   RO         2703    i.HAL_TIM_OC_DelayElapsedCallback  stm32f0xx_hal_tim.o
    0x080035ea   0x080035ea   0x0000010a   Code   RO         2724    i.HAL_TIM_PWM_ConfigChannel  stm32f0xx_hal_tim.o
    0x080036f4   0x080036f4   0x00000064   Code   RO         2727    i.HAL_TIM_PWM_Init  stm32f0xx_hal_tim.o
    0x08003758   0x08003758   0x00000058   Code   RO          357    i.HAL_TIM_PWM_MspInit  stm32f0xx_hal_msp.o
    0x080037b0   0x080037b0   0x00000002   Code   RO         2730    i.HAL_TIM_PWM_PulseFinishedCallback  stm32f0xx_hal_tim.o
    0x080037b2   0x080037b2   0x00000002   PAD
    0x080037b4   0x080037b4   0x000000e8   Code   RO         2732    i.HAL_TIM_PWM_Start  stm32f0xx_hal_tim.o
    0x0800389c   0x0800389c   0x00000002   Code   RO         2738    i.HAL_TIM_PeriodElapsedCallback  stm32f0xx_hal_tim.o
    0x0800389e   0x0800389e   0x00000002   Code   RO         2743    i.HAL_TIM_TriggerCallback  stm32f0xx_hal_tim.o
    0x080038a0   0x080038a0   0x00000004   Code   RO          271    i.HardFault_Handler  stm32f0xx_it.o
    0x080038a4   0x080038a4   0x00000032   Code   RO         1285    i.I2C_Flush_TXDR    stm32f0xx_hal_i2c.o
    0x080038d6   0x080038d6   0x00000002   PAD
    0x080038d8   0x080038d8   0x0000015c   Code   RO         1293    i.I2C_IsErrorOccurred  stm32f0xx_hal_i2c.o
    0x08003a34   0x08003a34   0x00000080   Code   RO         1298    i.I2C_RequestMemoryRead  stm32f0xx_hal_i2c.o
    0x08003ab4   0x08003ab4   0x00000080   Code   RO         1299    i.I2C_RequestMemoryWrite  stm32f0xx_hal_i2c.o
    0x08003b34   0x08003b34   0x0000003c   Code   RO         1302    i.I2C_TransferConfig  stm32f0xx_hal_i2c.o
    0x08003b70   0x08003b70   0x0000007e   Code   RO         1304    i.I2C_WaitOnFlagUntilTimeout  stm32f0xx_hal_i2c.o
    0x08003bee   0x08003bee   0x00000066   Code   RO         1306    i.I2C_WaitOnSTOPFlagUntilTimeout  stm32f0xx_hal_i2c.o
    0x08003c54   0x08003c54   0x0000006e   Code   RO         1307    i.I2C_WaitOnTXISFlagUntilTimeout  stm32f0xx_hal_i2c.o
    0x08003cc2   0x08003cc2   0x00000002   PAD
    0x08003cc4   0x08003cc4   0x00000074   Code   RO          461    i.MX_ADC_Init       perifericos.o
    0x08003d38   0x08003d38   0x00000080   Code   RO          462    i.MX_CAN_Init       perifericos.o
    0x08003db8   0x08003db8   0x00000114   Code   RO          463    i.MX_GPIO_Init      perifericos.o
    0x08003ecc   0x08003ecc   0x00000074   Code   RO          464    i.MX_I2C1_Init      perifericos.o
    0x08003f40   0x08003f40   0x00000128   Code   RO          466    i.MX_TIM1_Init      perifericos.o
    0x08004068   0x08004068   0x00000004   Code   RO          272    i.NMI_Handler       stm32f0xx_it.o
    0x0800406c   0x0800406c   0x0000001c   Code   RO          626    i.PID_Init          pid.o
    0x08004088   0x08004088   0x000000c8   Code   RO          627    i.PID_Update        pid.o
    0x08004150   0x08004150   0x00000002   Code   RO          273    i.PendSV_Handler    stm32f0xx_it.o
    0x08004152   0x08004152   0x00000002   Code   RO          274    i.SVC_Handler       stm32f0xx_it.o
    0x08004154   0x08004154   0x00000040   Code   RO          275    i.SysTick_Handler   stm32f0xx_it.o
    0x08004194   0x08004194   0x00000076   Code   RO          467    i.SystemClock_Config  perifericos.o
    0x0800420a   0x0800420a   0x00000002   Code   RO         3627    i.SystemInit        system_stm32f0xx.o
    0x0800420c   0x0800420c   0x00000010   Code   RO          276    i.TIM14_IRQHandler  stm32f0xx_it.o
    0x0800421c   0x0800421c   0x000000b0   Code   RO         2745    i.TIM_Base_SetConfig  stm32f0xx_hal_tim.o
    0x080042cc   0x080042cc   0x00000022   Code   RO         2746    i.TIM_CCxChannelCmd  stm32f0xx_hal_tim.o
    0x080042ee   0x080042ee   0x0000001c   Code   RO         2756    i.TIM_ETR_SetConfig  stm32f0xx_hal_tim.o
    0x0800430a   0x0800430a   0x00000018   Code   RO         2757    i.TIM_ITRx_SetConfig  stm32f0xx_hal_tim.o
    0x08004322   0x08004322   0x00000002   PAD
    0x08004324   0x08004324   0x0000009c   Code   RO         2758    i.TIM_OC1_SetConfig  stm32f0xx_hal_tim.o
    0x080043c0   0x080043c0   0x000000b0   Code   RO         2759    i.TIM_OC2_SetConfig  stm32f0xx_hal_tim.o
    0x08004470   0x08004470   0x000000ac   Code   RO         2760    i.TIM_OC3_SetConfig  stm32f0xx_hal_tim.o
    0x0800451c   0x0800451c   0x00000078   Code   RO         2761    i.TIM_OC4_SetConfig  stm32f0xx_hal_tim.o
    0x08004594   0x08004594   0x00000032   Code   RO         2763    i.TIM_TI1_ConfigInputStage  stm32f0xx_hal_tim.o
    0x080045c6   0x080045c6   0x00000032   Code   RO         2765    i.TIM_TI2_ConfigInputStage  stm32f0xx_hal_tim.o
    0x080045f8   0x080045f8   0x00000030   Code   RO          976    i.__ARM_common_ll_muluu  stm32f0xx_hal_rcc.o
    0x08004628   0x08004628   0x0000001c   Code   RO          581    i.__ARM_common_switch8  mpu_6050.o
    0x08004644   0x08004644   0x00000022   Code   RO         3734    i.__ARM_fpclassifyf  m_ps.l(fpclassifyf.o)
    0x08004666   0x08004666   0x00000002   PAD
    0x08004668   0x08004668   0x00000078   Code   RO         1915    i.__NVIC_SetPriority  stm32f0xx_hal_cortex.o
    0x080046e0   0x080046e0   0x00000008   Code   RO         3738    i.__mathlib_flt_infnan2  m_ps.l(funder.o)
    0x080046e8   0x080046e8   0x0000000e   Code   RO         3742    i.__mathlib_flt_underflow  m_ps.l(funder.o)
    0x080046f6   0x080046f6   0x00000002   PAD
    0x080046f8   0x080046f8   0x0000029c   Code   RO         3697    i.atan2f            m_ps.l(atan2f.o)
    0x08004994   0x08004994   0x00000108   Code   RO          659    i.calibracao        calibracao.o
    0x08004a9c   0x08004a9c   0x0000028c   Code   RO          660    i.calibracao_eixo   calibracao.o
    0x08004d28   0x08004d28   0x00000180   Code   RO           13    i.envia_leds_my     main.o
    0x08004ea8   0x08004ea8   0x00000084   Code   RO          422    i.envia_pacote_can_carregado  sae_j1939.o
    0x08004f2c   0x08004f2c   0x00000026   Code   RO         3712    i.fmaxf             m_ps.l(fmaxf.o)
    0x08004f52   0x08004f52   0x00000026   Code   RO         3714    i.fminf             m_ps.l(fminf.o)
    0x08004f78   0x08004f78   0x0000015c   Code   RO          520    i.gyro_signals      mpu_6050.o
    0x080050d4   0x080050d4   0x0000003c   Code   RO           14    i.interpolacao      main.o
    0x08005110   0x08005110   0x00000080   Code   RO          521    i.kalman_1d         mpu_6050.o
    0x08005190   0x08005190   0x00000034   Code   RO           15    i.le_adc_canal      main.o
    0x080051c4   0x080051c4   0x000001e4   Code   RO           16    i.le_bateria        main.o
    0x080053a8   0x080053a8   0x000000b0   Code   RO           17    i.le_entradas       main.o
    0x08005458   0x08005458   0x000000ac   Code   RO           18    i.le_is_profets     main.o
    0x08005504   0x08005504   0x0000019c   Code   RO          522    i.le_mpu            mpu_6050.o
    0x080056a0   0x080056a0   0x000000e0   Code   RO          661    i.leds_calibracao   calibracao.o
    0x08005780   0x08005780   0x000000bc   Code   RO           19    i.main              main.o
    0x0800583c   0x0800583c   0x00000030   Code   RO          424    i.monta_pgn_envio   sae_j1939.o
    0x0800586c   0x0800586c   0x0000003c   Code   RO          523    i.mpu_detect_type   mpu_6050.o
    0x080058a8   0x080058a8   0x000000c4   Code   RO          524    i.mpu_inicializa    mpu_6050.o
    0x0800596c   0x0800596c   0x0000002c   Code   RO          525    i.mpu_read_bytes    mpu_6050.o
    0x08005998   0x08005998   0x000000b8   Code   RO          526    i.mpu_verifica_fixacao  mpu_6050.o
    0x08005a50   0x08005a50   0x00000030   Code   RO          527    i.mpu_write_byte    mpu_6050.o
    0x08005a80   0x08005a80   0x0000010c   Code   RO           20    i.pisca_leds        main.o
    0x08005b8c   0x08005b8c   0x00000028   Code   RO          593    i.read_flash        flash.o
    0x08005bb4   0x08005bb4   0x0000002c   Code   RO         3705    i.sqrtf             m_ps.l(sqrtf.o)
    0x08005be0   0x08005be0   0x00000060   Code   RO           21    i.trata_PID         main.o
    0x08005c40   0x08005c40   0x00000138   Code   RO           22    i.trata_beep        main.o
    0x08005d78   0x08005d78   0x00000230   Code   RO           23    i.trata_leds_carr   main.o
    0x08005fa8   0x08005fa8   0x000001dc   Code   RO           24    i.trata_leds_incl   main.o
    0x08006184   0x08006184   0x00000030   Code   RO           25    i.trata_manual      main.o
    0x080061b4   0x080061b4   0x000003c4   Code   RO           26    i.trata_saida       main.o
    0x08006578   0x08006578   0x00000038   Code   RO          594    i.valores_iniciais_flash  flash.o
    0x080065b0   0x080065b0   0x00000034   Code   RO           27    i.verifica_alterna_eixo  main.o
    0x080065e4   0x080065e4   0x00000164   Code   RO           28    i.verifica_fim_de_curso  main.o
    0x08006748   0x08006748   0x00000090   Code   RO           29    i.verifica_tempo_ativo  main.o
    0x080067d8   0x080067d8   0x000000b8   Code   RO          595    i.write_flash       flash.o
    0x08006890   0x08006890   0x00000120   Code   RO          528    i.zera_inclinometro  mpu_6050.o
    0x080069b0   0x080069b0   0x0000008c   Code   RO         3673    x$fpl$fadd          fz_ps.l(faddsub.o)
    0x08006a3c   0x08006a3c   0x00000054   Code   RO         3682    x$fpl$feqf          fz_ps.l(feqf.o)
    0x08006a90   0x08006a90   0x00000054   Code   RO         3690    x$fpl$fleqf         fz_ps.l(flef.o)
    0x08006ae4   0x08006ae4   0x000000b0   Code   RO         3692    x$fpl$fmul          fz_ps.l(fmul.o)
    0x08006b94   0x08006b94   0x00000058   Code   RO         3694    x$fpl$frleqf        fz_ps.l(frlef.o)
    0x08006bec   0x08006bec   0x00000018   Code   RO         3674    x$fpl$frsb          fz_ps.l(faddsub.o)
    0x08006c04   0x08006c04   0x000000d0   Code   RO         3675    x$fpl$fsub          fz_ps.l(faddsub.o)
    0x08006cd4   0x08006cd4   0x00000000   Code   RO         3733    x$fpl$usenofp       fz_ps.l(usenofp.o)
    0x08006cd4   0x08006cd4   0x00000020   Data   RO          901    .constdata          stm32f0xx_hal_rcc.o
    0x08006cf4   0x08006cf4   0x00000018   Data   RO         3628    .constdata          system_stm32f0xx.o
    0x08006d0c   0x08006d0c   0x00000040   Data   RO         3680    .constdata          fz_ps.l(fdiv.o)
    0x08006d4c   0x08006d4c   0x00000020   Data   RO         3925    Region$$Table       anon$$obj.o


    Execution Region RW_IRAM1 (Exec base: 0x20000000, Load base: 0x08006d6c, Size: 0x00000998, Max: 0x00001800, ABSOLUTE, COMPRESSED[0x00000020])

    Exec Addr    Load Addr    Size         Type   Attr      Idx    E Section Name        Object

    0x20000000   COMPRESSED   0x00000110   Data   RW           31    .data               main.o
    0x20000110   COMPRESSED   0x0000000c   Data   RW          425    .data               sae_j1939.o
    0x2000011c   COMPRESSED   0x00000024   Data   RW          529    .data               mpu_6050.o
    0x20000140   COMPRESSED   0x0000000c   Data   RW          662    .data               calibracao.o
    0x2000014c   COMPRESSED   0x00000009   Data   RW         1092    .data               stm32f0xx_hal.o
    0x20000155   COMPRESSED   0x00000003   PAD
    0x20000158   COMPRESSED   0x00000004   Data   RW         3629    .data               system_stm32f0xx.o
    0x2000015c        -       0x00000038   Zero   RW           30    .bss                main.o
    0x20000194        -       0x00000174   Zero   RW          468    .bss                perifericos.o
    0x20000308        -       0x0000000c   Zero   RW          596    .bss                flash.o
    0x20000314   COMPRESSED   0x00000004   PAD
    0x20000318        -       0x00000020   Zero   RW         2165    .bss                stm32f0xx_hal_flash.o
    0x20000338        -       0x00000060   Zero   RW         3779    .bss                c_p.l(libspace.o)
    0x20000398        -       0x00000200   Zero   RW            2    HEAP                startup_stm32f042x6.o
    0x20000598        -       0x00000400   Zero   RW            1    STACK               startup_stm32f042x6.o


==============================================================================

Image component sizes


      Code (inc. data)   RO Data    RW Data    ZI Data      Debug   Object Name

      1140         82          0         12          0       2049   calibracao.o
       280         36          0          0         12       1856   flash.o
      4798        552          0        272         56     503267   main.o
      1736        180          0         36          0       7881   mpu_6050.o
      1050         66          0          0        372       4667   perifericos.o
       228          6          0          0          0       1940   pid.o
       180         28          0         12          0       3190   sae_j1939.o
       116         56        192          0       1536        692   startup_stm32f042x6.o
       196         38          0          9          0       8845   stm32f0xx_hal.o
      1856         44          0          0          0       7773   stm32f0xx_hal_adc.o
      2276          0          0          0          0      13444   stm32f0xx_hal_can.o
       222         26          0          0          0      10469   stm32f0xx_hal_cortex.o
       480         58          0          0         32       4855   stm32f0xx_hal_flash.o
       256         30          0          0          0       2535   stm32f0xx_hal_flash_ex.o
       510         20          0          0          0       2719   stm32f0xx_hal_gpio.o
      2136         36          0          0          0      11946   stm32f0xx_hal_i2c.o
       222          0          0          0          0       1975   stm32f0xx_hal_i2c_ex.o
       624         56          0          0          0       4284   stm32f0xx_hal_msp.o
      2244         64         32          0          0       4284   stm32f0xx_hal_rcc.o
       392         14          0          0          0       1568   stm32f0xx_hal_rcc_ex.o
      2342         90          0          0          0      16169   stm32f0xx_hal_tim.o
       272          8          0          0          0       3317   stm32f0xx_hal_tim_ex.o
       156         30          0          0          0       4489   stm32f0xx_it.o
         2          0         24          4          0       1187   system_stm32f0xx.o

    ----------------------------------------------------------------------
     23740       1520        280        348       2012     625401   Object Totals
         0          0         32          0          0          0   (incl. Generated)
        26          0          0          3          4          0   (incl. Padding)

    ----------------------------------------------------------------------

      Code (inc. data)   RO Data    RW Data    ZI Data      Debug   Library Member Name

        86          0          0          0          0          0   __dczerorl2.o
         8          0          0          0          0         68   __main.o
         0          0          0          0          0          0   __rtentry.o
        12          0          0          0          0          0   __rtentry2.o
         6          0          0          0          0          0   __rtentry4.o
        60          8          0          0          0          0   __scatter.o
        28          0          0          0          0          0   __scatter_zi.o
        22          0          0          0          0         92   _rserrno.o
       346          0          0          0          0         92   aeabi_sdiv.o
        16          0          0          0          0         68   exit.o
         6          0          0          0          0        136   heapauxi.o
         0          0          0          0          0          0   indicate_semi.o
         2          0          0          0          0          0   libinit.o
         2          0          0          0          0          0   libinit2.o
         2          0          0          0          0          0   libshutdown.o
         2          0          0          0          0          0   libshutdown2.o
         8          4          0          0         96         68   libspace.o
       258          0          0          0          0         88   lludiv.o
        34          0          0          0          0         68   llushr.o
         8          4          0          0          0         68   rt_errno_addr_intlibspace.o
        64          0          0          0          0        108   rt_memclr.o
         2          0          0          0          0          0   rtexit.o
        10          0          0          0          0          0   rtexit2.o
        12          4          0          0          0         60   sys_exit.o
        62          0          0          0          0         80   sys_stackheap_outer.o
         2          0          0          0          0         68   use_no_semi.o
        46          0          0          0          0         60   cmpret.o
       372          8          0          0          0        240   faddsub.o
       176          6          0          0          0         76   fcmp4.o
       100          4          0          0          0         68   fcmpin.o
       352         10         64          0          0         92   fdiv.o
        84          4          0          0          0         76   feqf.o
        76          0          0          0          0         68   ffixi.o
        48          0          0          0          0         60   ffixui.o
        94          0          0          0          0         92   fflti.o
        84          4          0          0          0         76   flef.o
       176          4          0          0          0         80   fmul.o
        16          6          0          0          0         68   fnan2.o
        88          4          0          0          0         76   frlef.o
        68          4          0          0          0         68   fscalbn.o
       144          4          0          0          0         72   fsqrt.o
        94          0          0          0          0         68   retnan.o
         0          0          0          0          0          0   usenofp.o
       668         76          0          0          0        120   atan2f.o
        38          0          0          0          0         72   fmaxf.o
        38          0          0          0          0         72   fminf.o
        34          0          0          0          0         60   fpclassifyf.o
        22          0          0          0          0        136   funder.o
        44          0          0          0          0         72   sqrtf.o

    ----------------------------------------------------------------------
      3928        154         64          0         96       2936   Library Totals
         8          0          0          0          0          0   (incl. Padding)

    ----------------------------------------------------------------------

      Code (inc. data)   RO Data    RW Data    ZI Data      Debug   Library Name

      1058         20          0          0         96       1064   c_p.l
      2018         58         64          0          0       1340   fz_ps.l
       844         76          0          0          0        532   m_ps.l

    ----------------------------------------------------------------------
      3928        154         64          0         96       2936   Library Totals

    ----------------------------------------------------------------------

==============================================================================


      Code (inc. data)   RO Data    RW Data    ZI Data      Debug   

     27668       1674        344        348       2108     620345   Grand Totals
     27668       1674        344         32       2108     620345   ELF Image Totals (compressed)
     27668       1674        344         32          0          0   ROM Totals

==============================================================================

    Total RO  Size (Code + RO Data)                28012 (  27.36kB)
    Total RW  Size (RW Data + ZI Data)              2456 (   2.40kB)
    Total ROM Size (Code + RO Data + RW Data)      28044 (  27.39kB)

==============================================================================

